Jul 26 09:36:29 RUE3 anacron[1102]: Job `cron.daily' terminateed
Jul 26 09:36:29 RUE3 anacron[1102]: Normal exit (1 job run)
Jul 26 10:17:01 RUE3 CRON[3455]: (root) CMD (   cd / && run-parts --report /etc/cron.hourly)
Jul 26 11:17:01 RUE3 CRON[3587]: (root) CMD (   cd / && run-parts --report /etc/cron.hourly)
Jul 26 11:17:48 RUE3 wpa_supplicant[859]: message repeated 126 times: [ wlan0: CTRL-EVENT-SCAN-STARTED ]
Jul 26 11:17:49 RUE3 wpa_supplicant[859]: nl80211: send_and_recv->nl_recvmsgs failed: -33
Jul 26 11:18:51 RUE3 wpa_supplicant[859]: wlan0: CTRL-EVENT-SCAN-STARTED 
Jul 26 11:33:47 RUE3 kernel: [ 8826.891091] nouveau E[   PFIFO][0000:01:00.0] DMA_PUSHER - ch 3 [Xorg[1219]] get 0x0020027000 put 0x002002b3b8 ib_get 0x0000010e ib_put 0x0000010f state 0x80000024 (err: INVALID_CMD) push 0x00400040
Jul 26 12:04:23 RUE3 dbus[643]: [system] Activating service name='org.freedesktop.hostname1' (using servicehelper)
Jul 26 12:04:23 RUE3 kernel: [10663.420158] systemd-hostnamed[3793]: Warning: nss-myhostname is not installed. Changing the local hostname might make it unresolveable. Please install nss-myhostname!
Jul 26 12:04:23 RUE3 dbus[643]: [system] Successfully activated service 'org.freedesktop.hostname1'
Jul 26 12:17:01 RUE3 CRON[3888]: (root) CMD (   cd / && run-parts --report /etc/cron.hourly)
Jul 26 12:28:00 RUE3 kernel: [12081.302479] perf samples too long (5247 > 5000), lowering kernel.perf_event_max_sample_rate to 25000
Jul 26 12:31:12 RUE3 kernel: [12273.349668] warning: `VBoxHeadless' uses 32-bit capabilities (legacy support in use)
Jul 26 12:31:12 RUE3 kernel: [12273.366767] SUPR0GipMap: fGetGipCpu=0x3
Jul 26 12:31:12 RUE3 kernel: [12273.747253] vboxdrv: ffffffffa07c7020 VMMR0.r0
Jul 26 12:31:13 RUE3 kernel: [12274.003705] vboxdrv: ffffffffa08c1020 VBoxDDR0.r0
Jul 26 12:31:13 RUE3 kernel: [12274.029214] vboxdrv: ffffffffa0006020 VBoxDD2R0.r0
Jul 26 13:17:01 RUE3 CRON[5891]: (root) CMD (   cd / && run-parts --report /etc/cron.hourly)
Jul 26 13:17:40 RUE3 kernel: [15062.933852] CPU3: Core temperature above threshold, cpu clock throttled (total events = 1)
Jul 26 13:17:40 RUE3 kernel: [15062.933853] CPU2: Core temperature above threshold, cpu clock throttled (total events = 1)
Jul 26 13:17:40 RUE3 kernel: [15062.934907] CPU3: Core temperature/speed normal
Jul 26 13:17:40 RUE3 kernel: [15062.934908] CPU2: Core temperature/speed normal
Jul 26 13:21:44 RUE3 kernel: [15306.560007] mce: [Hardware Error]: Machine check events logged
Jul 26 13:27:25 RUE3 kernel: [15647.416114] CPU3: Core temperature above threshold, cpu clock throttled (total events = 90)
Jul 26 13:27:25 RUE3 kernel: [15647.416116] CPU2: Core temperature above threshold, cpu clock throttled (total events = 90)
Jul 26 13:27:25 RUE3 kernel: [15647.417144] CPU2: Core temperature/speed normal
Jul 26 13:27:25 RUE3 kernel: [15647.417145] CPU3: Core temperature/speed normal
Jul 26 13:29:14 RUE3 kernel: [15756.740635] mce: [Hardware Error]: Machine check events logged
Jul 26 13:30:06 RUE3 wpa_supplicant[859]: message repeated 125 times: [ wlan0: CTRL-EVENT-SCAN-STARTED ]
Jul 26 13:30:07 RUE3 wpa_supplicant[859]: nl80211: send_and_recv->nl_recvmsgs failed: -33
Jul 26 13:31:09 RUE3 wpa_supplicant[859]: wlan0: CTRL-EVENT-SCAN-STARTED 
Jul 26 13:38:03 RUE3 kernel: [16285.718940] CPU3: Core temperature above threshold, cpu clock throttled (total events = 108)
Jul 26 13:38:03 RUE3 kernel: [16285.718942] CPU2: Core temperature above threshold, cpu clock throttled (total events = 108)
Jul 26 13:38:03 RUE3 kernel: [16285.720003] CPU3: Core temperature/speed normal
Jul 26 13:38:03 RUE3 kernel: [16285.720004] CPU2: Core temperature/speed normal
Jul 26 13:41:44 RUE3 kernel: [16507.041710] mce: [Hardware Error]: Machine check events logged
Jul 26 13:46:08 RUE3 kernel: [16770.790482] CPU3: Core temperature above threshold, cpu clock throttled (total events = 112)
Jul 26 13:46:08 RUE3 kernel: [16770.790484] CPU2: Core temperature above threshold, cpu clock throttled (total events = 112)
Jul 26 13:46:08 RUE3 kernel: [16770.791514] CPU2: Core temperature/speed normal
Jul 26 13:46:08 RUE3 kernel: [16770.791517] CPU3: Core temperature/speed normal
Jul 26 13:46:45 RUE3 kernel: [16808.126535] mce: [Hardware Error]: Machine check events logged
Jul 26 13:51:08 RUE3 kernel: [17071.708496] CPU3: Core temperature above threshold, cpu clock throttled (total events = 3635)
Jul 26 13:51:08 RUE3 kernel: [17071.708498] CPU2: Core temperature above threshold, cpu clock throttled (total events = 3633)
Jul 26 13:51:08 RUE3 kernel: [17071.709524] CPU3: Core temperature/speed normal
Jul 26 13:51:08 RUE3 kernel: [17071.709526] CPU2: Core temperature/speed normal
Jul 26 14:07:28 RUE3 rsyslogd: [origin software="rsyslogd" swVersion="7.4.4" x-pid="823" x-info="http://www.rsyslog.com"] start
Jul 26 14:07:28 RUE3 rsyslogd: rsyslogd's groupid changed to 104
Jul 26 14:07:28 RUE3 rsyslogd: rsyslogd's userid changed to 101
Jul 26 14:07:28 RUE3 kernel: [    0.000000] Initializing cgroup subsys cpuset
Jul 26 14:07:28 RUE3 kernel: [    0.000000] Initializing cgroup subsys cpu
Jul 26 14:07:28 RUE3 kernel: [    0.000000] Initializing cgroup subsys cpuacct
Jul 26 14:07:28 RUE3 kernel: [    0.000000] Linux version 3.13.0-65-generic (buildd@lgw01-26) (gcc version 4.8.2 (Ubuntu 4.8.2-19ubuntu1) ) #106-Ubuntu SMP Fri Oct 2 22:08:27 UTC 2015 (Ubuntu 3.13.0-65.106-generic 3.13.11-ckt26)
Jul 26 14:07:28 RUE3 kernel: [    0.000000] Command line: BOOT_IMAGE=/vmlinuz-3.13.0-65-generic root=/dev/mapper/ubuntu--vg-root ro quiet splash vt.handoff=7
Jul 26 14:07:28 RUE3 kernel: [    0.000000] KERNEL supported cpus:
Jul 26 14:07:28 RUE3 kernel: [    0.000000]   Intel GenuineIntel
Jul 26 14:07:28 RUE3 kernel: [    0.000000]   AMD AuthenticAMD
Jul 26 14:07:28 RUE3 kernel: [    0.000000]   Centaur CentaurHauls
Jul 26 14:07:28 RUE3 kernel: [    0.000000] e820: BIOS-provided physical RAM map:
Jul 26 14:07:28 RUE3 kernel: [    0.000000] BIOS-e820: [mem 0x0000000000000000-0x000000000009cfff] usable
Jul 26 14:07:28 RUE3 kernel: [    0.000000] BIOS-e820: [mem 0x000000000009d000-0x000000000009ffff] reserved
Jul 26 14:07:28 RUE3 kernel: [    0.000000] BIOS-e820: [mem 0x00000000000e0000-0x00000000000fffff] reserved
Jul 26 14:07:28 RUE3 kernel: [    0.000000] BIOS-e820: [mem 0x0000000000100000-0x000000009f680fff] usable
Jul 26 14:07:28 RUE3 kernel: [    0.000000] BIOS-e820: [mem 0x000000009f681000-0x000000009f6befff] reserved
Jul 26 14:07:28 RUE3 kernel: [    0.000000] BIOS-e820: [mem 0x000000009f6bf000-0x000000009f735fff] usable
Jul 26 14:07:28 RUE3 kernel: [    0.000000] BIOS-e820: [mem 0x000000009f736000-0x000000009f7befff] ACPI NVS
Jul 26 14:07:28 RUE3 kernel: [    0.000000] BIOS-e820: [mem 0x000000009f7bf000-0x000000009f7defff] usable
Jul 26 14:07:28 RUE3 kernel: [    0.000000] BIOS-e820: [mem 0x000000009f7df000-0x000000009f7fefff] ACPI data
Jul 26 14:07:28 RUE3 kernel: [    0.000000] BIOS-e820: [mem 0x000000009f7ff000-0x000000009f7fffff] usable
Jul 26 14:07:28 RUE3 kernel: [    0.000000] BIOS-e820: [mem 0x000000009f800000-0x000000009fffffff] reserved
Jul 26 14:07:28 RUE3 kernel: [    0.000000] BIOS-e820: [mem 0x00000000e0000000-0x00000000efffffff] reserved
Jul 26 14:07:28 RUE3 kernel: [    0.000000] BIOS-e820: [mem 0x00000000feb00000-0x00000000feb03fff] reserved
Jul 26 14:07:28 RUE3 kernel: [    0.000000] BIOS-e820: [mem 0x00000000fec00000-0x00000000fec00fff] reserved
Jul 26 14:07:28 RUE3 kernel: [    0.000000] BIOS-e820: [mem 0x00000000fed10000-0x00000000fed13fff] reserved
Jul 26 14:07:28 RUE3 kernel: [    0.000000] BIOS-e820: [mem 0x00000000fed18000-0x00000000fed19fff] reserved
Jul 26 14:07:28 RUE3 kernel: [    0.000000] BIOS-e820: [mem 0x00000000fed1b000-0x00000000fed1ffff] reserved
Jul 26 14:07:28 RUE3 kernel: [    0.000000] BIOS-e820: [mem 0x00000000fee00000-0x00000000fee00fff] reserved
Jul 26 14:07:28 RUE3 kernel: [    0.000000] BIOS-e820: [mem 0x00000000ffe80000-0x00000000ffffffff] reserved
Jul 26 14:07:28 RUE3 kernel: [    0.000000] BIOS-e820: [mem 0x0000000100000000-0x0000000157ffffff] usable
Jul 26 14:07:28 RUE3 kernel: [    0.000000] NX (Execute Disable) protection: active
Jul 26 14:07:28 RUE3 kernel: [    0.000000] SMBIOS 2.6 present.
Jul 26 14:07:28 RUE3 kernel: [    0.000000] DMI: Acer             Aspire 5741G    /Aspire 5741G    , BIOS V1.23 04/25/2011
Jul 26 14:07:28 RUE3 kernel: [    0.000000] e820: update [mem 0x00000000-0x00000fff] usable ==> reserved
Jul 26 14:07:28 RUE3 kernel: [    0.000000] e820: remove [mem 0x000a0000-0x000fffff] usable
Jul 26 14:07:28 RUE3 kernel: [    0.000000] No AGP bridge found
Jul 26 14:07:28 RUE3 kernel: [    0.000000] e820: last_pfn = 0x158000 max_arch_pfn = 0x400000000
Jul 26 14:07:28 RUE3 kernel: [    0.000000] MTRR default type: uncachable
Jul 26 14:07:28 RUE3 kernel: [    0.000000] MTRR fixed ranges enabled:
Jul 26 14:07:28 RUE3 kernel: [    0.000000]   00000-9FFFF write-back
Jul 26 14:07:28 RUE3 kernel: [    0.000000]   A0000-BFFFF uncachable
Jul 26 14:07:28 RUE3 kernel: [    0.000000]   C0000-FFFFF write-protect
Jul 26 14:07:28 RUE3 kernel: [    0.000000] MTRR variable ranges enabled:
Jul 26 14:07:28 RUE3 kernel: [    0.000000]   0 base 000000000 mask F80000000 write-back
Jul 26 14:07:28 RUE3 kernel: [    0.000000]   1 base 0FFE00000 mask FFFE00000 write-protect
Jul 26 14:07:28 RUE3 kernel: [    0.000000]   2 base 080000000 mask FE0000000 write-back
Jul 26 14:07:28 RUE3 kernel: [    0.000000]   3 base 09F800000 mask FFF800000 uncachable
Jul 26 14:07:28 RUE3 kernel: [    0.000000]   4 base 100000000 mask FC0000000 write-back
Jul 26 14:07:28 RUE3 kernel: [    0.000000]   5 base 140000000 mask FF0000000 write-back
Jul 26 14:07:28 RUE3 kernel: [    0.000000]   6 base 150000000 mask FF8000000 write-back
Jul 26 14:07:28 RUE3 kernel: [    0.000000]   7 disabled
Jul 26 14:07:28 RUE3 kernel: [    0.000000] x86 PAT enabled: cpu 0, old 0x7040600070406, new 0x7010600070106
Jul 26 14:07:28 RUE3 kernel: [    0.000000] e820: last_pfn = 0x9f800 max_arch_pfn = 0x400000000
Jul 26 14:07:28 RUE3 kernel: [    0.000000] Scanning 1 areas for low memory corruption
Jul 26 14:07:28 RUE3 kernel: [    0.000000] Base memory trampoline at [ffff880000097000] 97000 size 24576
Jul 26 14:07:28 RUE3 kernel: [    0.000000] init_memory_mapping: [mem 0x00000000-0x000fffff]
Jul 26 14:07:28 RUE3 kernel: [    0.000000]  [mem 0x00000000-0x000fffff] page 4k
Jul 26 14:07:28 RUE3 kernel: [    0.000000] BRK [0x01fe2000, 0x01fe2fff] PGTABLE
Jul 26 14:07:28 RUE3 kernel: [    0.000000] BRK [0x01fe3000, 0x01fe3fff] PGTABLE
Jul 26 14:07:28 RUE3 kernel: [    0.000000] BRK [0x01fe4000, 0x01fe4fff] PGTABLE
Jul 26 14:07:28 RUE3 kernel: [    0.000000] init_memory_mapping: [mem 0x157e00000-0x157ffffff]
Jul 26 14:07:28 RUE3 kernel: [    0.000000]  [mem 0x157e00000-0x157ffffff] page 2M
Jul 26 14:07:28 RUE3 kernel: [    0.000000] BRK [0x01fe5000, 0x01fe5fff] PGTABLE
Jul 26 14:07:28 RUE3 kernel: [    0.000000] init_memory_mapping: [mem 0x154000000-0x157dfffff]
Jul 26 14:07:28 RUE3 kernel: [    0.000000]  [mem 0x154000000-0x157dfffff] page 2M
Jul 26 14:07:28 RUE3 kernel: [    0.000000] init_memory_mapping: [mem 0x100000000-0x153ffffff]
Jul 26 14:07:28 RUE3 kernel: [    0.000000]  [mem 0x100000000-0x153ffffff] page 2M
Jul 26 14:07:28 RUE3 kernel: [    0.000000] BRK [0x01fe6000, 0x01fe6fff] PGTABLE
Jul 26 14:07:28 RUE3 kernel: [    0.000000] init_memory_mapping: [mem 0x00100000-0x9f680fff]
Jul 26 14:07:28 RUE3 kernel: [    0.000000]  [mem 0x00100000-0x001fffff] page 4k
Jul 26 14:07:28 RUE3 kernel: [    0.000000]  [mem 0x00200000-0x9f5fffff] page 2M
Jul 26 14:07:28 RUE3 kernel: [    0.000000]  [mem 0x9f600000-0x9f680fff] page 4k
Jul 26 14:07:28 RUE3 kernel: [    0.000000] init_memory_mapping: [mem 0x9f6bf000-0x9f735fff]
Jul 26 14:07:28 RUE3 kernel: [    0.000000]  [mem 0x9f6bf000-0x9f735fff] page 4k
Jul 26 14:07:28 RUE3 kernel: [    0.000000] init_memory_mapping: [mem 0x9f7bf000-0x9f7defff]
Jul 26 14:07:28 RUE3 kernel: [    0.000000]  [mem 0x9f7bf000-0x9f7defff] page 4k
Jul 26 14:07:28 RUE3 kernel: [    0.000000] init_memory_mapping: [mem 0x9f7ff000-0x9f7fffff]
Jul 26 14:07:28 RUE3 kernel: [    0.000000]  [mem 0x9f7ff000-0x9f7fffff] page 4k
Jul 26 14:07:28 RUE3 kernel: [    0.000000] RAMDISK: [mem 0x359c2000-0x36cd8fff]
Jul 26 14:07:28 RUE3 kernel: [    0.000000] ACPI: RSDP 00000000000fe020 000024 (v02 ACRSYS)
Jul 26 14:07:28 RUE3 kernel: [    0.000000] ACPI: XSDT 000000009f7fe120 00007C (v01 ACRSYS ACRPRDCT 00000001      01000013)
Jul 26 14:07:28 RUE3 kernel: [    0.000000] ACPI: FACP 000000009f7fc000 0000F4 (v04 ACRSYS ACRPRDCT 00000001 1025 01000013)
Jul 26 14:07:28 RUE3 kernel: [    0.000000] ACPI: DSDT 000000009f7ea000 00E975 (v02 ACRSYS ACRPRDCT 00000001 1025 01000013)
Jul 26 14:07:28 RUE3 kernel: [    0.000000] ACPI: FACS 000000009f75a000 000040
Jul 26 14:07:28 RUE3 kernel: [    0.000000] ACPI: ASF! 000000009f7fd000 0000A5 (v32 ACRSYS ACRPRDCT 00000001 1025 01000013)
Jul 26 14:07:28 RUE3 kernel: [    0.000000] ACPI: HPET 000000009f7fb000 000038 (v01 ACRSYS ACRPRDCT 00000001 1025 01000013)
Jul 26 14:07:28 RUE3 kernel: [    0.000000] ACPI: APIC 000000009f7fa000 00008C (v02 ACRSYS ACRPRDCT 00000001 1025 01000013)
Jul 26 14:07:28 RUE3 kernel: [    0.000000] ACPI: MCFG 000000009f7f9000 00003C (v01 ACRSYS ACRPRDCT 00000001 1025 01000013)
Jul 26 14:07:28 RUE3 kernel: [    0.000000] ACPI: SLIC 000000009f7e9000 000176 (v01 ACRSYS ACRPRDCT 00000001 1025 01000013)
Jul 26 14:07:28 RUE3 kernel: [    0.000000] ACPI: BOOT 000000009f7e6000 000028 (v01 ACRSYS ACRPRDCT 00000001 1025 01000013)
Jul 26 14:07:28 RUE3 kernel: [    0.000000] ACPI: ASPT 000000009f7e2000 000034 (v04 ACRSYS ACRPRDCT 00000001 1025 01000013)
Jul 26 14:07:28 RUE3 kernel: [    0.000000] ACPI: SSDT 000000009f7e1000 0009F1 (v01  PmRef    CpuPm 00003000 INTL 20051117)
Jul 26 14:07:28 RUE3 kernel: [    0.000000] ACPI: SSDT 000000009f7e0000 000259 (v01  PmRef  Cpu0Tst 00003000 INTL 20051117)
Jul 26 14:07:28 RUE3 kernel: [    0.000000] ACPI: SSDT 000000009f7df000 00049F (v01  PmRef    ApTst 00003000 INTL 20051117)
Jul 26 14:07:28 RUE3 kernel: [    0.000000] ACPI: Local APIC address 0xfee00000
Jul 26 14:07:28 RUE3 kernel: [    0.000000] No NUMA configuration found
Jul 26 14:07:28 RUE3 kernel: [    0.000000] Faking a node at [mem 0x0000000000000000-0x0000000157ffffff]
Jul 26 14:07:28 RUE3 kernel: [    0.000000] Initmem setup node 0 [mem 0x00000000-0x157ffffff]
Jul 26 14:07:28 RUE3 kernel: [    0.000000]   NODE_DATA [mem 0x157ff8000-0x157ffcfff]
Jul 26 14:07:28 RUE3 kernel: [    0.000000]  [ffffea0000000000-ffffea00055fffff] PMD -> [ffff880153800000-ffff8801575fffff] on node 0
Jul 26 14:07:28 RUE3 kernel: [    0.000000] Zone ranges:
Jul 26 14:07:28 RUE3 kernel: [    0.000000]   DMA      [mem 0x00001000-0x00ffffff]
Jul 26 14:07:28 RUE3 kernel: [    0.000000]   DMA32    [mem 0x01000000-0xffffffff]
Jul 26 14:07:28 RUE3 kernel: [    0.000000]   Normal   [mem 0x100000000-0x157ffffff]
Jul 26 14:07:28 RUE3 kernel: [    0.000000] Movable zone start for each node
Jul 26 14:07:28 RUE3 kernel: [    0.000000] Early memory node ranges
Jul 26 14:07:28 RUE3 kernel: [    0.000000]   node   0: [mem 0x00001000-0x0009cfff]
Jul 26 14:07:28 RUE3 kernel: [    0.000000]   node   0: [mem 0x00100000-0x9f680fff]
Jul 26 14:07:28 RUE3 kernel: [    0.000000]   node   0: [mem 0x9f6bf000-0x9f735fff]
Jul 26 14:07:28 RUE3 kernel: [    0.000000]   node   0: [mem 0x9f7bf000-0x9f7defff]
Jul 26 14:07:28 RUE3 kernel: [    0.000000]   node   0: [mem 0x9f7ff000-0x9f7fffff]
Jul 26 14:07:28 RUE3 kernel: [    0.000000]   node   0: [mem 0x100000000-0x157ffffff]
Jul 26 14:07:28 RUE3 kernel: [    0.000000] On node 0 totalpages: 1013429
Jul 26 14:07:28 RUE3 kernel: [    0.000000]   DMA zone: 64 pages used for memmap
Jul 26 14:07:28 RUE3 kernel: [    0.000000]   DMA zone: 21 pages reserved
Jul 26 14:07:28 RUE3 kernel: [    0.000000]   DMA zone: 3996 pages, LIFO batch:0
Jul 26 14:07:28 RUE3 kernel: [    0.000000]   DMA32 zone: 10141 pages used for memmap
Jul 26 14:07:28 RUE3 kernel: [    0.000000]   DMA32 zone: 648985 pages, LIFO batch:31
Jul 26 14:07:28 RUE3 kernel: [    0.000000]   Normal zone: 5632 pages used for memmap
Jul 26 14:07:28 RUE3 kernel: [    0.000000]   Normal zone: 360448 pages, LIFO batch:31
Jul 26 14:07:28 RUE3 kernel: [    0.000000] ACPI: PM-Timer IO Port: 0x408
Jul 26 14:07:28 RUE3 kernel: [    0.000000] ACPI: Local APIC address 0xfee00000
Jul 26 14:07:28 RUE3 kernel: [    0.000000] ACPI: LAPIC (acpi_id[0x01] lapic_id[0x00] enabled)
Jul 26 14:07:28 RUE3 kernel: [    0.000000] ACPI: LAPIC (acpi_id[0x02] lapic_id[0x01] enabled)
Jul 26 14:07:28 RUE3 kernel: [    0.000000] ACPI: LAPIC (acpi_id[0x03] lapic_id[0x04] enabled)
Jul 26 14:07:28 RUE3 kernel: [    0.000000] ACPI: LAPIC (acpi_id[0x04] lapic_id[0x05] enabled)
Jul 26 14:07:28 RUE3 kernel: [    0.000000] ACPI: LAPIC (acpi_id[0x05] lapic_id[0x00] disabled)
Jul 26 14:07:28 RUE3 kernel: [    0.000000] ACPI: LAPIC (acpi_id[0x06] lapic_id[0x00] disabled)
Jul 26 14:07:28 RUE3 kernel: [    0.000000] ACPI: LAPIC (acpi_id[0x07] lapic_id[0x00] disabled)
Jul 26 14:07:28 RUE3 kernel: [    0.000000] ACPI: LAPIC (acpi_id[0x08] lapic_id[0x00] disabled)
Jul 26 14:07:28 RUE3 kernel: [    0.000000] ACPI: IOAPIC (id[0x02] address[0xfec00000] gsi_base[0])
Jul 26 14:07:28 RUE3 kernel: [    0.000000] IOAPIC[0]: apic_id 2, version 32, address 0xfec00000, GSI 0-23
Jul 26 14:07:28 RUE3 kernel: [    0.000000] ACPI: INT_SRC_OVR (bus 0 bus_irq 0 global_irq 2 dfl dfl)
Jul 26 14:07:28 RUE3 kernel: [    0.000000] ACPI: INT_SRC_OVR (bus 0 bus_irq 9 global_irq 9 high level)
Jul 26 14:07:28 RUE3 kernel: [    0.000000] ACPI: IRQ0 used by override.
Jul 26 14:07:28 RUE3 kernel: [    0.000000] ACPI: IRQ2 used by override.
Jul 26 14:07:28 RUE3 kernel: [    0.000000] ACPI: IRQ9 used by override.
Jul 26 14:07:28 RUE3 kernel: [    0.000000] Using ACPI (MADT) for SMP configuration information
Jul 26 14:07:28 RUE3 kernel: [    0.000000] ACPI: HPET id: 0x8086a201 base: 0xfed00000
Jul 26 14:07:28 RUE3 kernel: [    0.000000] smpboot: Allowing 8 CPUs, 4 hotplug CPUs
Jul 26 14:07:28 RUE3 kernel: [    0.000000] nr_irqs_gsi: 40
Jul 26 14:07:28 RUE3 kernel: [    0.000000] PM: Registered nosave memory: [mem 0x0009d000-0x0009ffff]
Jul 26 14:07:28 RUE3 kernel: [    0.000000] PM: Registered nosave memory: [mem 0x000a0000-0x000dffff]
Jul 26 14:07:28 RUE3 kernel: [    0.000000] PM: Registered nosave memory: [mem 0x000e0000-0x000fffff]
Jul 26 14:07:28 RUE3 kernel: [    0.000000] PM: Registered nosave memory: [mem 0x9f681000-0x9f6befff]
Jul 26 14:07:28 RUE3 kernel: [    0.000000] PM: Registered nosave memory: [mem 0x9f736000-0x9f7befff]
Jul 26 14:07:28 RUE3 kernel: [    0.000000] PM: Registered nosave memory: [mem 0x9f7df000-0x9f7fefff]
Jul 26 14:07:28 RUE3 kernel: [    0.000000] PM: Registered nosave memory: [mem 0x9f800000-0x9fffffff]
Jul 26 14:07:28 RUE3 kernel: [    0.000000] PM: Registered nosave memory: [mem 0xa0000000-0xdfffffff]
Jul 26 14:07:28 RUE3 kernel: [    0.000000] PM: Registered nosave memory: [mem 0xe0000000-0xefffffff]
Jul 26 14:07:28 RUE3 kernel: [    0.000000] PM: Registered nosave memory: [mem 0xf0000000-0xfeafffff]
Jul 26 14:07:28 RUE3 kernel: [    0.000000] PM: Registered nosave memory: [mem 0xfeb00000-0xfeb03fff]
Jul 26 14:07:28 RUE3 kernel: [    0.000000] PM: Registered nosave memory: [mem 0xfeb04000-0xfebfffff]
Jul 26 14:07:28 RUE3 kernel: [    0.000000] PM: Registered nosave memory: [mem 0xfec00000-0xfec00fff]
Jul 26 14:07:28 RUE3 kernel: [    0.000000] PM: Registered nosave memory: [mem 0xfec01000-0xfed0ffff]
Jul 26 14:07:28 RUE3 kernel: [    0.000000] PM: Registered nosave memory: [mem 0xfed10000-0xfed13fff]
Jul 26 14:07:28 RUE3 kernel: [    0.000000] PM: Registered nosave memory: [mem 0xfed14000-0xfed17fff]
Jul 26 14:07:28 RUE3 kernel: [    0.000000] PM: Registered nosave memory: [mem 0xfed18000-0xfed19fff]
Jul 26 14:07:28 RUE3 kernel: [    0.000000] PM: Registered nosave memory: [mem 0xfed1a000-0xfed1afff]
Jul 26 14:07:28 RUE3 kernel: [    0.000000] PM: Registered nosave memory: [mem 0xfed1b000-0xfed1ffff]
Jul 26 14:07:28 RUE3 kernel: [    0.000000] PM: Registered nosave memory: [mem 0xfed20000-0xfedfffff]
Jul 26 14:07:28 RUE3 kernel: [    0.000000] PM: Registered nosave memory: [mem 0xfee00000-0xfee00fff]
Jul 26 14:07:28 RUE3 kernel: [    0.000000] PM: Registered nosave memory: [mem 0xfee01000-0xffe7ffff]
Jul 26 14:07:28 RUE3 kernel: [    0.000000] PM: Registered nosave memory: [mem 0xffe80000-0xffffffff]
Jul 26 14:07:28 RUE3 kernel: [    0.000000] e820: [mem 0xa0000000-0xdfffffff] available for PCI devices
Jul 26 14:07:28 RUE3 kernel: [    0.000000] Booting paravirtualized kernel on bare hardware
Jul 26 14:07:28 RUE3 kernel: [    0.000000] setup_percpu: NR_CPUS:256 nr_cpumask_bits:256 nr_cpu_ids:8 nr_node_ids:1
Jul 26 14:07:28 RUE3 kernel: [    0.000000] PERCPU: Embedded 27 pages/cpu @ffff880157c00000 s81536 r8192 d20864 u262144
Jul 26 14:07:28 RUE3 kernel: [    0.000000] pcpu-alloc: s81536 r8192 d20864 u262144 alloc=1*2097152
Jul 26 14:07:28 RUE3 kernel: [    0.000000] pcpu-alloc: [0] 0 1 2 3 4 5 6 7 
Jul 26 14:07:28 RUE3 kernel: [    0.000000] Built 1 zonelists in Node order, mobility grouping on.  Total pages: 997571
Jul 26 14:07:28 RUE3 kernel: [    0.000000] Policy zone: Normal
Jul 26 14:07:28 RUE3 kernel: [    0.000000] Kernel command line: BOOT_IMAGE=/vmlinuz-3.13.0-65-generic root=/dev/mapper/ubuntu--vg-root ro quiet splash vt.handoff=7
Jul 26 14:07:28 RUE3 kernel: [    0.000000] PID hash table entries: 4096 (order: 3, 32768 bytes)
Jul 26 14:07:28 RUE3 kernel: [    0.000000] Checking aperture...
Jul 26 14:07:28 RUE3 kernel: [    0.000000] No AGP bridge found
Jul 26 14:07:28 RUE3 kernel: [    0.000000] Calgary: detecting Calgary via BIOS EBDA area
Jul 26 14:07:28 RUE3 kernel: [    0.000000] Calgary: Unable to locate Rio Grande table in EBDA - bailing!
Jul 26 14:07:28 RUE3 kernel: [    0.000000] Memory: 3887108K/4053716K available (7396K kernel code, 1146K rwdata, 3416K rodata, 1336K init, 1448K bss, 166608K reserved)
Jul 26 14:07:28 RUE3 kernel: [    0.000000] SLUB: HWalign=64, Order=0-3, MinObjects=0, CPUs=8, Nodes=1
Jul 26 14:07:28 RUE3 kernel: [    0.000000] Hierarchical RCU implementation.
Jul 26 14:07:28 RUE3 kernel: [    0.000000] 	RCU dyntick-idle grace-period acceleration is enabled.
Jul 26 14:07:28 RUE3 kernel: [    0.000000] 	RCU restricting CPUs from NR_CPUS=256 to nr_cpu_ids=8.
Jul 26 14:07:28 RUE3 kernel: [    0.000000] 	Offload RCU callbacks from all CPUs
Jul 26 14:07:28 RUE3 kernel: [    0.000000] 	Offload RCU callbacks from CPUs: 0-7.
Jul 26 14:07:28 RUE3 kernel: [    0.000000] NR_IRQS:16640 nr_irqs:744 16
Jul 26 14:07:28 RUE3 kernel: [    0.000000] Console: colour dummy device 80x25
Jul 26 14:07:28 RUE3 kernel: [    0.000000] console [tty0] enabled
Jul 26 14:07:28 RUE3 kernel: [    0.000000] allocated 16252928 bytes of page_cgroup
Jul 26 14:07:28 RUE3 kernel: [    0.000000] please try 'cgroup_disable=memory' option if you don't want memory cgroups
Jul 26 14:07:28 RUE3 kernel: [    0.000000] hpet clockevent registered
Jul 26 14:07:28 RUE3 kernel: [    0.000000] tsc: Fast TSC calibration using PIT
Jul 26 14:07:28 RUE3 kernel: [    0.004000] tsc: Detected 2261.254 MHz processor
Jul 26 14:07:28 RUE3 kernel: [    0.000003] Calibrating delay loop (skipped), value calculated using timer frequency.. 4522.50 BogoMIPS (lpj=9045016)
Jul 26 14:07:28 RUE3 kernel: [    0.000006] pid_max: default: 32768 minimum: 301
Jul 26 14:07:28 RUE3 kernel: [    0.000036] Security Framework initialized
Jul 26 14:07:28 RUE3 kernel: [    0.000059] AppArmor: AppArmor initialized
Jul 26 14:07:28 RUE3 kernel: [    0.000060] Yama: becoming mindful.
Jul 26 14:07:28 RUE3 kernel: [    0.000379] Dentry cache hash table entries: 524288 (order: 10, 4194304 bytes)
Jul 26 14:07:28 RUE3 kernel: [    0.001310] Inode-cache hash table entries: 262144 (order: 9, 2097152 bytes)
Jul 26 14:07:28 RUE3 kernel: [    0.001716] Mount-cache hash table entries: 8192 (order: 4, 65536 bytes)
Jul 26 14:07:28 RUE3 kernel: [    0.001724] Mountpoint-cache hash table entries: 8192 (order: 4, 65536 bytes)
Jul 26 14:07:28 RUE3 kernel: [    0.001942] Initializing cgroup subsys memory
Jul 26 14:07:28 RUE3 kernel: [    0.001948] Initializing cgroup subsys devices
Jul 26 14:07:28 RUE3 kernel: [    0.001950] Initializing cgroup subsys freezer
Jul 26 14:07:28 RUE3 kernel: [    0.001952] Initializing cgroup subsys blkio
Jul 26 14:07:28 RUE3 kernel: [    0.001953] Initializing cgroup subsys perf_event
Jul 26 14:07:28 RUE3 kernel: [    0.001956] Initializing cgroup subsys hugetlb
Jul 26 14:07:28 RUE3 kernel: [    0.001979] CPU: Physical Processor ID: 0
Jul 26 14:07:28 RUE3 kernel: [    0.001980] CPU: Processor Core ID: 0
Jul 26 14:07:28 RUE3 kernel: [    0.001985] mce: CPU supports 9 MCE banks
Jul 26 14:07:28 RUE3 kernel: [    0.001996] CPU0: Thermal monitoring enabled (TM1)
Jul 26 14:07:28 RUE3 kernel: [    0.002004] process: using mwait in idle threads
Jul 26 14:07:28 RUE3 kernel: [    0.002008] Last level iTLB entries: 4KB 512, 2MB 7, 4MB 7
Jul 26 14:07:28 RUE3 kernel: [    0.002008] Last level dTLB entries: 4KB 512, 2MB 32, 4MB 32
Jul 26 14:07:28 RUE3 kernel: [    0.002008] tlb_flushall_shift: 6
Jul 26 14:07:28 RUE3 kernel: [    0.002112] Freeing SMP alternatives memory: 32K (ffffffff81e6e000 - ffffffff81e76000)
Jul 26 14:07:28 RUE3 kernel: [    0.003402] ACPI: Core revision 20131115
Jul 26 14:07:28 RUE3 kernel: [    0.014628] ACPI: All ACPI Tables successfully acquired
Jul 26 14:07:28 RUE3 kernel: [    0.179509] ftrace: allocating 28590 entries in 112 pages
Jul 26 14:07:28 RUE3 kernel: [    0.194827] ..TIMER: vector=0x30 apic1=0 pin1=2 apic2=-1 pin2=-1
Jul 26 14:07:28 RUE3 kernel: [    0.234527] smpboot: CPU0: Intel(R) Core(TM) i5 CPU       M 430  @ 2.27GHz (fam: 06, model: 25, stepping: 02)
Jul 26 14:07:28 RUE3 kernel: [    0.339276] Performance Events: PEBS fmt1+, 16-deep LBR, Westmere events, Intel PMU driver.
Jul 26 14:07:28 RUE3 kernel: [    0.339283] perf_event_intel: CPUID marked event: 'bus cycles' unavailable
Jul 26 14:07:28 RUE3 kernel: [    0.339285] ... version:                3
Jul 26 14:07:28 RUE3 kernel: [    0.339286] ... bit width:              48
Jul 26 14:07:28 RUE3 kernel: [    0.339287] ... generic registers:      4
Jul 26 14:07:28 RUE3 kernel: [    0.339288] ... value mask:             0000ffffffffffff
Jul 26 14:07:28 RUE3 kernel: [    0.339289] ... max period:             000000007fffffff
Jul 26 14:07:28 RUE3 kernel: [    0.339290] ... fixed-purpose events:   3
Jul 26 14:07:28 RUE3 kernel: [    0.339291] ... event mask:             000000070000000f
Jul 26 14:07:28 RUE3 kernel: [    0.341073] x86: Booting SMP configuration:
Jul 26 14:07:28 RUE3 kernel: [    0.354357] NMI watchdog: enabled on all CPUs, permanently consumes one hw-PMU counter.
Jul 26 14:07:28 RUE3 kernel: [    0.341075] .... node  #0, CPUs:      #1 #2 #3
Jul 26 14:07:28 RUE3 kernel: [    0.380910] x86: Booted up 1 node, 4 CPUs
Jul 26 14:07:28 RUE3 kernel: [    0.380915] smpboot: Total of 4 processors activated (18090.03 BogoMIPS)
Jul 26 14:07:28 RUE3 kernel: [    0.383493] devtmpfs: initialized
Jul 26 14:07:28 RUE3 kernel: [    0.385753] EVM: security.selinux
Jul 26 14:07:28 RUE3 kernel: [    0.385755] EVM: security.SMACK64
Jul 26 14:07:28 RUE3 kernel: [    0.385756] EVM: security.ima
Jul 26 14:07:28 RUE3 kernel: [    0.385757] EVM: security.capability
Jul 26 14:07:28 RUE3 kernel: [    0.385806] PM: Registering ACPI NVS region [mem 0x9f736000-0x9f7befff] (561152 bytes)
Jul 26 14:07:28 RUE3 kernel: [    0.386739] pinctrl core: initialized pinctrl subsystem
Jul 26 14:07:28 RUE3 kernel: [    0.386802] regulator-dummy: no parameters
Jul 26 14:07:28 RUE3 kernel: [    0.386835] RTC time: 12:06:54, date: 07/26/16
Jul 26 14:07:28 RUE3 kernel: [    0.386870] NET: Registered protocol family 16
Jul 26 14:07:28 RUE3 kernel: [    0.386973] cpuidle: using governor ladder
Jul 26 14:07:28 RUE3 kernel: [    0.386975] cpuidle: using governor menu
Jul 26 14:07:28 RUE3 kernel: [    0.387011] ACPI FADT declares the system doesn't support PCIe ASPM, so disable it
Jul 26 14:07:28 RUE3 kernel: [    0.387013] ACPI: bus type PCI registered
Jul 26 14:07:28 RUE3 kernel: [    0.387015] acpiphp: ACPI Hot Plug PCI Controller Driver version: 0.5
Jul 26 14:07:28 RUE3 kernel: [    0.387080] PCI: MMCONFIG for domain 0000 [bus 00-ff] at [mem 0xe0000000-0xefffffff] (base 0xe0000000)
Jul 26 14:07:28 RUE3 kernel: [    0.387083] PCI: MMCONFIG at [mem 0xe0000000-0xefffffff] reserved in E820
Jul 26 14:07:28 RUE3 kernel: [    0.405998] PCI: Using configuration type 1 for base access
Jul 26 14:07:28 RUE3 kernel: [    0.406143] mtrr: your CPUs had inconsistent variable MTRR settings
Jul 26 14:07:28 RUE3 kernel: [    0.406145] mtrr: probably your BIOS does not setup all CPUs.
Jul 26 14:07:28 RUE3 kernel: [    0.406145] mtrr: corrected configuration.
Jul 26 14:07:28 RUE3 kernel: [    0.406879] bio: create slab <bio-0> at 0
Jul 26 14:07:28 RUE3 kernel: [    0.407029] ACPI: Added _OSI(Module Device)
Jul 26 14:07:28 RUE3 kernel: [    0.407031] ACPI: Added _OSI(Processor Device)
Jul 26 14:07:28 RUE3 kernel: [    0.407032] ACPI: Added _OSI(3.0 _SCP Extensions)
Jul 26 14:07:28 RUE3 kernel: [    0.407033] ACPI: Added _OSI(Processor Aggregator Device)
Jul 26 14:07:28 RUE3 kernel: [    0.410859] ACPI: Executed 1 blocks of module-level executable AML code
Jul 26 14:07:28 RUE3 kernel: [    0.419421] [Firmware Bug]: ACPI: BIOS _OSI(Linux) query ignored
Jul 26 14:07:28 RUE3 kernel: [    0.419871] ACPI: SSDT 000000009f691c18 0003AE (v01  PmRef  Cpu0Ist 00003000 INTL 20051117)
Jul 26 14:07:28 RUE3 kernel: [    0.420328] ACPI: Dynamic OEM Table Load:
Jul 26 14:07:28 RUE3 kernel: [    0.420331] ACPI: SSDT           (null) 0003AE (v01  PmRef  Cpu0Ist 00003000 INTL 20051117)
Jul 26 14:07:28 RUE3 kernel: [    0.420480] ACPI: SSDT 000000009f68f018 000891 (v01  PmRef  Cpu0Cst 00003001 INTL 20051117)
Jul 26 14:07:28 RUE3 kernel: [    0.420918] ACPI: Dynamic OEM Table Load:
Jul 26 14:07:28 RUE3 kernel: [    0.420920] ACPI: SSDT           (null) 000891 (v01  PmRef  Cpu0Cst 00003001 INTL 20051117)
Jul 26 14:07:28 RUE3 kernel: [    0.427602] ACPI: SSDT 000000009f690a98 000303 (v01  PmRef    ApIst 00003000 INTL 20051117)
Jul 26 14:07:28 RUE3 kernel: [    0.428099] ACPI: Dynamic OEM Table Load:
Jul 26 14:07:28 RUE3 kernel: [    0.428101] ACPI: SSDT           (null) 000303 (v01  PmRef    ApIst 00003000 INTL 20051117)
Jul 26 14:07:28 RUE3 kernel: [    0.431468] ACPI: SSDT 000000009f68ed98 000119 (v01  PmRef    ApCst 00003000 INTL 20051117)
Jul 26 14:07:28 RUE3 kernel: [    0.431931] ACPI: Dynamic OEM Table Load:
Jul 26 14:07:28 RUE3 kernel: [    0.431933] ACPI: SSDT           (null) 000119 (v01  PmRef    ApCst 00003000 INTL 20051117)
Jul 26 14:07:28 RUE3 kernel: [    0.449004] ACPI: Interpreter enabled
Jul 26 14:07:28 RUE3 kernel: [    0.449026] ACPI Exception: AE_NOT_FOUND, While evaluating Sleep State [\_S1_] (20131115/hwxface-580)
Jul 26 14:07:28 RUE3 kernel: [    0.449033] ACPI Exception: AE_NOT_FOUND, While evaluating Sleep State [\_S2_] (20131115/hwxface-580)
Jul 26 14:07:28 RUE3 kernel: [    0.449053] ACPI: (supports S0 S3 S4 S5)
Jul 26 14:07:28 RUE3 kernel: [    0.449055] ACPI: Using IOAPIC for interrupt routing
Jul 26 14:07:28 RUE3 kernel: [    0.449092] PCI: Using host bridge windows from ACPI; if necessary, use "pci=nocrs" and report a bug
Jul 26 14:07:28 RUE3 kernel: [    0.449241] ACPI: No dock devices found.
Jul 26 14:07:28 RUE3 kernel: [    1.074945] ACPI: PCI Root Bridge [PCI0] (domain 0000 [bus 00-fe])
Jul 26 14:07:28 RUE3 kernel: [    1.074951] acpi PNP0A08:00: _OSC: OS supports [ExtendedConfig ASPM ClockPM Segments MSI]
Jul 26 14:07:28 RUE3 kernel: [    1.074984] \_SB_.PCI0:_OSC invalid UUID
Jul 26 14:07:28 RUE3 kernel: [    1.074985] _OSC request data:1 1f 0 
Jul 26 14:07:28 RUE3 kernel: [    1.074989] acpi PNP0A08:00: _OSC failed (AE_ERROR); disabling ASPM
Jul 26 14:07:28 RUE3 kernel: [    1.075774] PCI host bridge to bus 0000:00
Jul 26 14:07:28 RUE3 kernel: [    1.075778] pci_bus 0000:00: root bus resource [bus 00-fe]
Jul 26 14:07:28 RUE3 kernel: [    1.075779] pci_bus 0000:00: root bus resource [io  0x0000-0x0cf7]
Jul 26 14:07:28 RUE3 kernel: [    1.075781] pci_bus 0000:00: root bus resource [io  0x0d00-0xffff]
Jul 26 14:07:28 RUE3 kernel: [    1.075783] pci_bus 0000:00: root bus resource [mem 0x000a0000-0x000bffff]
Jul 26 14:07:28 RUE3 kernel: [    1.075784] pci_bus 0000:00: root bus resource [mem 0xa0000000-0xfebfffff]
Jul 26 14:07:28 RUE3 kernel: [    1.075793] pci 0000:00:00.0: [8086:0044] type 00 class 0x060000
Jul 26 14:07:28 RUE3 kernel: [    1.075811] DMAR: BIOS has allocated no shadow GTT; disabling IOMMU for graphics
Jul 26 14:07:28 RUE3 kernel: [    1.075927] pci 0000:00:01.0: [8086:0045] type 01 class 0x060400
Jul 26 14:07:28 RUE3 kernel: [    1.075959] pci 0000:00:01.0: PME# supported from D0 D3hot D3cold
Jul 26 14:07:28 RUE3 kernel: [    1.076103] pci 0000:00:16.0: [8086:3b64] type 00 class 0x078000
Jul 26 14:07:28 RUE3 kernel: [    1.076134] pci 0000:00:16.0: reg 0x10: [mem 0xb7106100-0xb710610f 64bit]
Jul 26 14:07:28 RUE3 kernel: [    1.076226] pci 0000:00:16.0: PME# supported from D0 D3hot D3cold
Jul 26 14:07:28 RUE3 kernel: [    1.076362] pci 0000:00:1a.0: [8086:3b3c] type 00 class 0x0c0320
Jul 26 14:07:28 RUE3 kernel: [    1.076757] pci 0000:00:1a.0: reg 0x10: [mem 0xb7105c00-0xb7105fff]
Jul 26 14:07:28 RUE3 kernel: [    1.078963] pci 0000:00:1a.0: PME# supported from D0 D3hot D3cold
Jul 26 14:07:28 RUE3 kernel: [    1.079096] pci 0000:00:1b.0: [8086:3b56] type 00 class 0x040300
Jul 26 14:07:28 RUE3 kernel: [    1.079118] pci 0000:00:1b.0: reg 0x10: [mem 0xb7100000-0xb7103fff 64bit]
Jul 26 14:07:28 RUE3 kernel: [    1.079215] pci 0000:00:1b.0: PME# supported from D0 D3hot D3cold
Jul 26 14:07:28 RUE3 kernel: [    1.079310] pci 0000:00:1b.0: System wakeup disabled by ACPI
Jul 26 14:07:28 RUE3 kernel: [    1.079346] pci 0000:00:1c.0: [8086:3b42] type 01 class 0x060400
Jul 26 14:07:28 RUE3 kernel: [    1.079445] pci 0000:00:1c.0: PME# supported from D0 D3hot D3cold
Jul 26 14:07:28 RUE3 kernel: [    1.079541] pci 0000:00:1c.0: System wakeup disabled by ACPI
Jul 26 14:07:28 RUE3 kernel: [    1.079578] pci 0000:00:1c.1: [8086:3b44] type 01 class 0x060400
Jul 26 14:07:28 RUE3 kernel: [    1.079679] pci 0000:00:1c.1: PME# supported from D0 D3hot D3cold
Jul 26 14:07:28 RUE3 kernel: [    1.079819] pci 0000:00:1d.0: [8086:3b34] type 00 class 0x0c0320
Jul 26 14:07:28 RUE3 kernel: [    1.080192] pci 0000:00:1d.0: reg 0x10: [mem 0xb7105800-0xb7105bff]
Jul 26 14:07:28 RUE3 kernel: [    1.082389] pci 0000:00:1d.0: PME# supported from D0 D3hot D3cold
Jul 26 14:07:28 RUE3 kernel: [    1.082494] pci 0000:00:1d.0: System wakeup disabled by ACPI
Jul 26 14:07:28 RUE3 kernel: [    1.082533] pci 0000:00:1e.0: [8086:2448] type 01 class 0x060401
Jul 26 14:07:28 RUE3 kernel: [    1.082685] pci 0000:00:1e.0: System wakeup disabled by ACPI
Jul 26 14:07:28 RUE3 kernel: [    1.082718] pci 0000:00:1f.0: [8086:3b09] type 00 class 0x060100
Jul 26 14:07:28 RUE3 kernel: [    1.082937] pci 0000:00:1f.2: [8086:3b29] type 00 class 0x010601
Jul 26 14:07:28 RUE3 kernel: [    1.082963] pci 0000:00:1f.2: reg 0x10: [io  0x4048-0x404f]
Jul 26 14:07:28 RUE3 kernel: [    1.082974] pci 0000:00:1f.2: reg 0x14: [io  0x4054-0x4057]
Jul 26 14:07:28 RUE3 kernel: [    1.082985] pci 0000:00:1f.2: reg 0x18: [io  0x4040-0x4047]
Jul 26 14:07:28 RUE3 kernel: [    1.082996] pci 0000:00:1f.2: reg 0x1c: [io  0x4050-0x4053]
Jul 26 14:07:28 RUE3 kernel: [    1.083007] pci 0000:00:1f.2: reg 0x20: [io  0x4020-0x403f]
Jul 26 14:07:28 RUE3 kernel: [    1.083018] pci 0000:00:1f.2: reg 0x24: [mem 0xb7105000-0xb71057ff]
Jul 26 14:07:28 RUE3 kernel: [    1.083084] pci 0000:00:1f.2: PME# supported from D3hot
Jul 26 14:07:28 RUE3 kernel: [    1.083200] pci 0000:00:1f.3: [8086:3b30] type 00 class 0x0c0500
Jul 26 14:07:28 RUE3 kernel: [    1.083222] pci 0000:00:1f.3: reg 0x10: [mem 0xb7106000-0xb71060ff 64bit]
Jul 26 14:07:28 RUE3 kernel: [    1.083251] pci 0000:00:1f.3: reg 0x20: [io  0x4000-0x401f]
Jul 26 14:07:28 RUE3 kernel: [    1.083391] pci 0000:00:1f.6: [8086:3b32] type 00 class 0x118000
Jul 26 14:07:28 RUE3 kernel: [    1.083419] pci 0000:00:1f.6: reg 0x10: [mem 0xb7104000-0xb7104fff 64bit]
Jul 26 14:07:28 RUE3 kernel: [    1.083677] pci 0000:01:00.0: [10de:0a2d] type 00 class 0x030000
Jul 26 14:07:28 RUE3 kernel: [    1.083692] pci 0000:01:00.0: reg 0x10: [mem 0xb2000000-0xb2ffffff]
Jul 26 14:07:28 RUE3 kernel: [    1.083705] pci 0000:01:00.0: reg 0x14: [mem 0xa0000000-0xafffffff 64bit pref]
Jul 26 14:07:28 RUE3 kernel: [    1.083718] pci 0000:01:00.0: reg 0x1c: [mem 0xb0000000-0xb1ffffff 64bit pref]
Jul 26 14:07:28 RUE3 kernel: [    1.083727] pci 0000:01:00.0: reg 0x24: [io  0x3000-0x307f]
Jul 26 14:07:28 RUE3 kernel: [    1.083736] pci 0000:01:00.0: reg 0x30: [mem 0xfff80000-0xffffffff pref]
Jul 26 14:07:28 RUE3 kernel: [    1.083833] pci 0000:01:00.1: [10de:0be2] type 00 class 0x040300
Jul 26 14:07:28 RUE3 kernel: [    1.083845] pci 0000:01:00.1: reg 0x10: [mem 0xb3000000-0xb3003fff]
Jul 26 14:07:28 RUE3 kernel: [    1.083987] pci 0000:00:01.0: PCI bridge to [bus 01]
Jul 26 14:07:28 RUE3 kernel: [    1.083990] pci 0000:00:01.0:   bridge window [io  0x3000-0x3fff]
Jul 26 14:07:28 RUE3 kernel: [    1.083992] pci 0000:00:01.0:   bridge window [mem 0xb2000000-0xb30fffff]
Jul 26 14:07:28 RUE3 kernel: [    1.083995] pci 0000:00:01.0:   bridge window [mem 0xa0000000-0xb1ffffff 64bit pref]
Jul 26 14:07:28 RUE3 kernel: [    1.084125] pci 0000:02:00.0: [14e4:1692] type 00 class 0x020000
Jul 26 14:07:28 RUE3 kernel: [    1.084167] pci 0000:02:00.0: reg 0x10: [mem 0xb6100000-0xb610ffff 64bit]
Jul 26 14:07:28 RUE3 kernel: [    1.084391] pci 0000:02:00.0: PME# supported from D3hot D3cold
Jul 26 14:07:28 RUE3 kernel: [    1.094566] pci 0000:00:1c.0: PCI bridge to [bus 02]
Jul 26 14:07:28 RUE3 kernel: [    1.094574] pci 0000:00:1c.0:   bridge window [io  0x2000-0x2fff]
Jul 26 14:07:28 RUE3 kernel: [    1.094581] pci 0000:00:1c.0:   bridge window [mem 0xb6100000-0xb70fffff]
Jul 26 14:07:28 RUE3 kernel: [    1.094590] pci 0000:00:1c.0:   bridge window [mem 0xb3100000-0xb40fffff 64bit pref]
Jul 26 14:07:28 RUE3 kernel: [    1.094736] pci 0000:03:00.0: [14e4:4357] type 00 class 0x028000
Jul 26 14:07:28 RUE3 kernel: [    1.094780] pci 0000:03:00.0: reg 0x10: [mem 0xb5100000-0xb5103fff 64bit]
Jul 26 14:07:28 RUE3 kernel: [    1.095004] pci 0000:03:00.0: supports D1 D2
Jul 26 14:07:28 RUE3 kernel: [    1.095006] pci 0000:03:00.0: PME# supported from D0 D3hot D3cold
Jul 26 14:07:28 RUE3 kernel: [    1.102570] pci 0000:00:1c.1: PCI bridge to [bus 03]
Jul 26 14:07:28 RUE3 kernel: [    1.102578] pci 0000:00:1c.1:   bridge window [io  0x1000-0x1fff]
Jul 26 14:07:28 RUE3 kernel: [    1.102584] pci 0000:00:1c.1:   bridge window [mem 0xb5100000-0xb60fffff]
Jul 26 14:07:28 RUE3 kernel: [    1.102593] pci 0000:00:1c.1:   bridge window [mem 0xb4100000-0xb50fffff 64bit pref]
Jul 26 14:07:28 RUE3 kernel: [    1.102686] pci 0000:00:1e.0: PCI bridge to [bus 04] (subtractive decode)
Jul 26 14:07:28 RUE3 kernel: [    1.102699] pci 0000:00:1e.0:   bridge window [io  0x0000-0x0cf7] (subtractive decode)
Jul 26 14:07:28 RUE3 kernel: [    1.102700] pci 0000:00:1e.0:   bridge window [io  0x0d00-0xffff] (subtractive decode)
Jul 26 14:07:28 RUE3 kernel: [    1.102702] pci 0000:00:1e.0:   bridge window [mem 0x000a0000-0x000bffff] (subtractive decode)
Jul 26 14:07:28 RUE3 kernel: [    1.102704] pci 0000:00:1e.0:   bridge window [mem 0xa0000000-0xfebfffff] (subtractive decode)
Jul 26 14:07:28 RUE3 kernel: [    1.304093] ACPI: PCI Interrupt Link [LNKA] (IRQs 1 3 4 5 6 7 *10 12 14 15)
Jul 26 14:07:28 RUE3 kernel: [    1.304145] ACPI: PCI Interrupt Link [LNKB] (IRQs 1 3 4 5 6 7 *11 12 14 15)
Jul 26 14:07:28 RUE3 kernel: [    1.304194] ACPI: PCI Interrupt Link [LNKC] (IRQs 1 3 4 5 6 7 10 12 14 15) *0, disabled.
Jul 26 14:07:28 RUE3 kernel: [    1.304244] ACPI: PCI Interrupt Link [LNKD] (IRQs 1 3 4 5 6 7 11 12 14 15) *10
Jul 26 14:07:28 RUE3 kernel: [    1.304296] ACPI: PCI Interrupt Link [LNKE] (IRQs 1 3 4 5 6 7 10 12 14 15) *0, disabled.
Jul 26 14:07:28 RUE3 kernel: [    1.304347] ACPI: PCI Interrupt Link [LNKF] (IRQs 1 3 4 5 6 7 *11 12 14 15)
Jul 26 14:07:28 RUE3 kernel: [    1.304396] ACPI: PCI Interrupt Link [LNKG] (IRQs 1 3 4 5 6 7 *10 12 14 15)
Jul 26 14:07:28 RUE3 kernel: [    1.304446] ACPI: PCI Interrupt Link [LNKH] (IRQs 1 3 4 5 6 7 *11 12 14 15)
Jul 26 14:07:28 RUE3 kernel: [    1.304467] ACPI: PCI Root Bridge [CPBG] (domain 0000 [bus ff])
Jul 26 14:07:28 RUE3 kernel: [    1.304471] acpi PNP0A03:00: _OSC: OS supports [ExtendedConfig ASPM ClockPM Segments MSI]
Jul 26 14:07:28 RUE3 kernel: [    1.304475] acpi PNP0A03:00: _OSC failed (AE_NOT_FOUND); disabling ASPM
Jul 26 14:07:28 RUE3 kernel: [    1.304515] PCI host bridge to bus 0000:ff
Jul 26 14:07:28 RUE3 kernel: [    1.304517] pci_bus 0000:ff: root bus resource [bus ff]
Jul 26 14:07:28 RUE3 kernel: [    1.304522] pci 0000:ff:00.0: [8086:2c62] type 00 class 0x060000
Jul 26 14:07:28 RUE3 kernel: [    1.304560] pci 0000:ff:00.1: [8086:2d01] type 00 class 0x060000
Jul 26 14:07:28 RUE3 kernel: [    1.304599] pci 0000:ff:02.0: [8086:2d10] type 00 class 0x060000
Jul 26 14:07:28 RUE3 kernel: [    1.304634] pci 0000:ff:02.1: [8086:2d11] type 00 class 0x060000
Jul 26 14:07:28 RUE3 kernel: [    1.304668] pci 0000:ff:02.2: [8086:2d12] type 00 class 0x060000
Jul 26 14:07:28 RUE3 kernel: [    1.304705] pci 0000:ff:02.3: [8086:2d13] type 00 class 0x060000
Jul 26 14:07:28 RUE3 kernel: [    1.305006] ACPI: Enabled 5 GPEs in block 00 to 3F
Jul 26 14:07:28 RUE3 kernel: [    1.305013] ACPI: \_SB_.PCI0: notify handler is installed
Jul 26 14:07:28 RUE3 kernel: [    1.305060] ACPI: \_SB_.CPBG: notify handler is installed
Jul 26 14:07:28 RUE3 kernel: [    1.305071] Found 2 acpi root devices
Jul 26 14:07:28 RUE3 kernel: [    1.305113] ACPI : EC: GPE = 0x17, I/O: command/status = 0x66, data = 0x62
Jul 26 14:07:28 RUE3 kernel: [    1.305212] vgaarb: setting as boot device: PCI:0000:01:00.0
Jul 26 14:07:28 RUE3 kernel: [    1.305215] vgaarb: device added: PCI:0000:01:00.0,decodes=io+mem,owns=io+mem,locks=none
Jul 26 14:07:28 RUE3 kernel: [    1.305217] vgaarb: loaded
Jul 26 14:07:28 RUE3 kernel: [    1.305218] vgaarb: bridge control possible 0000:01:00.0
Jul 26 14:07:28 RUE3 kernel: [    1.305379] SCSI subsystem initialized
Jul 26 14:07:28 RUE3 kernel: [    1.305440] libata version 3.00 loaded.
Jul 26 14:07:28 RUE3 kernel: [    1.305458] ACPI: bus type USB registered
Jul 26 14:07:28 RUE3 kernel: [    1.305474] usbcore: registered new interface driver usbfs
Jul 26 14:07:28 RUE3 kernel: [    1.305480] usbcore: registered new interface driver hub
Jul 26 14:07:28 RUE3 kernel: [    1.305503] usbcore: registered new device driver usb
Jul 26 14:07:28 RUE3 kernel: [    1.305603] PCI: Using ACPI for IRQ routing
Jul 26 14:07:28 RUE3 kernel: [    1.315462] PCI: pci_cache_line_size set to 64 bytes
Jul 26 14:07:28 RUE3 kernel: [    1.315616] e820: reserve RAM buffer [mem 0x0009d000-0x0009ffff]
Jul 26 14:07:28 RUE3 kernel: [    1.315618] e820: reserve RAM buffer [mem 0x9f681000-0x9fffffff]
Jul 26 14:07:28 RUE3 kernel: [    1.315619] e820: reserve RAM buffer [mem 0x9f736000-0x9fffffff]
Jul 26 14:07:28 RUE3 kernel: [    1.315621] e820: reserve RAM buffer [mem 0x9f7df000-0x9fffffff]
Jul 26 14:07:28 RUE3 kernel: [    1.315622] e820: reserve RAM buffer [mem 0x9f800000-0x9fffffff]
Jul 26 14:07:28 RUE3 kernel: [    1.315710] NetLabel: Initializing
Jul 26 14:07:28 RUE3 kernel: [    1.315712] NetLabel:  domain hash size = 128
Jul 26 14:07:28 RUE3 kernel: [    1.315712] NetLabel:  protocols = UNLABELED CIPSOv4
Jul 26 14:07:28 RUE3 kernel: [    1.315726] NetLabel:  unlabeled traffic allowed by default
Jul 26 14:07:28 RUE3 kernel: [    1.315791] hpet0: at MMIO 0xfed00000, IRQs 2, 8, 0, 0, 0, 0, 0, 0
Jul 26 14:07:28 RUE3 kernel: [    1.315796] hpet0: 8 comparators, 64-bit 14.318180 MHz counter
Jul 26 14:07:28 RUE3 kernel: [    1.317836] Switched to clocksource hpet
Jul 26 14:07:28 RUE3 kernel: [    1.322461] AppArmor: AppArmor Filesystem Enabled
Jul 26 14:07:28 RUE3 kernel: [    1.322494] pnp: PnP ACPI init
Jul 26 14:07:28 RUE3 kernel: [    1.322511] ACPI: bus type PNP registered
Jul 26 14:07:28 RUE3 kernel: [    1.526007] pnp 00:00: [dma 4]
Jul 26 14:07:28 RUE3 kernel: [    1.526053] pnp 00:00: Plug and Play ACPI device, IDs PNP0200 (active)
Jul 26 14:07:28 RUE3 kernel: [    1.526076] pnp 00:01: Plug and Play ACPI device, IDs INT0800 (active)
Jul 26 14:07:28 RUE3 kernel: [    1.526190] pnp 00:02: Plug and Play ACPI device, IDs PNP0103 (active)
Jul 26 14:07:28 RUE3 kernel: [    1.526226] pnp 00:03: Plug and Play ACPI device, IDs PNP0c04 (active)
Jul 26 14:07:28 RUE3 kernel: [    1.526251] pnp 00:04: disabling [io  0x164e-0x164f] because it overlaps 0000:00:1c.1 BAR 13 [io  0x1000-0x1fff]
Jul 26 14:07:28 RUE3 kernel: [    1.526291] system 00:04: [io  0x0680-0x069f] has been reserved
Jul 26 14:07:28 RUE3 kernel: [    1.526294] system 00:04: [io  0xff2c-0xff2f] has been reserved
Jul 26 14:07:28 RUE3 kernel: [    1.526296] system 00:04: [io  0x0800-0x080f] has been reserved
Jul 26 14:07:28 RUE3 kernel: [    1.526297] system 00:04: [io  0xffff] has been reserved
Jul 26 14:07:28 RUE3 kernel: [    1.526299] system 00:04: [io  0xffff] has been reserved
Jul 26 14:07:28 RUE3 kernel: [    1.526301] system 00:04: [io  0x0400-0x047f] could not be reserved
Jul 26 14:07:28 RUE3 kernel: [    1.526303] system 00:04: [io  0x0500-0x057f] has been reserved
Jul 26 14:07:28 RUE3 kernel: [    1.526306] system 00:04: Plug and Play ACPI device, IDs PNP0c02 (active)
Jul 26 14:07:28 RUE3 kernel: [    1.526333] pnp 00:05: Plug and Play ACPI device, IDs PNP0b00 (active)
Jul 26 14:07:28 RUE3 kernel: [    1.526374] pnp 00:06: Plug and Play ACPI device, IDs PNP0303 (active)
Jul 26 14:07:28 RUE3 kernel: [    1.526435] pnp 00:07: Plug and Play ACPI device, IDs SYN1b16 SYN1b00 SYN0002 PNP0f13 (active)
Jul 26 14:07:28 RUE3 kernel: [    1.526742] system 00:08: [mem 0xfed1c000-0xfed1ffff] has been reserved
Jul 26 14:07:28 RUE3 kernel: [    1.526744] system 00:08: [mem 0xfed10000-0xfed13fff] has been reserved
Jul 26 14:07:28 RUE3 kernel: [    1.526746] system 00:08: [mem 0xfed18000-0xfed18fff] has been reserved
Jul 26 14:07:28 RUE3 kernel: [    1.526748] system 00:08: [mem 0xfed19000-0xfed19fff] has been reserved
Jul 26 14:07:28 RUE3 kernel: [    1.526750] system 00:08: [mem 0xe0000000-0xefffffff] has been reserved
Jul 26 14:07:28 RUE3 kernel: [    1.526752] system 00:08: [mem 0xb7200000-0xb7200fff] has been reserved
Jul 26 14:07:28 RUE3 kernel: [    1.526754] system 00:08: [mem 0xfed20000-0xfed3ffff] has been reserved
Jul 26 14:07:28 RUE3 kernel: [    1.526756] system 00:08: [mem 0xfed45000-0xfed8ffff] has been reserved
Jul 26 14:07:28 RUE3 kernel: [    1.526758] system 00:08: [mem 0xff000000-0xffffffff] could not be reserved
Jul 26 14:07:28 RUE3 kernel: [    1.526760] system 00:08: [mem 0xfee00000-0xfeefffff] could not be reserved
Jul 26 14:07:28 RUE3 kernel: [    1.526762] system 00:08: Plug and Play ACPI device, IDs PNP0c02 (active)
Jul 26 14:07:28 RUE3 kernel: [    1.526872] pnp: PnP ACPI: found 9 devices
Jul 26 14:07:28 RUE3 kernel: [    1.526874] ACPI: bus type PNP unregistered
Jul 26 14:07:28 RUE3 kernel: [    1.533721] pci 0000:01:00.0: no compatible bridge window for [mem 0xfff80000-0xffffffff pref]
Jul 26 14:07:28 RUE3 kernel: [    1.533762] pci 0000:01:00.0: BAR 6: assigned [mem 0xb3080000-0xb30fffff pref]
Jul 26 14:07:28 RUE3 kernel: [    1.533765] pci 0000:00:01.0: PCI bridge to [bus 01]
Jul 26 14:07:28 RUE3 kernel: [    1.533767] pci 0000:00:01.0:   bridge window [io  0x3000-0x3fff]
Jul 26 14:07:28 RUE3 kernel: [    1.533770] pci 0000:00:01.0:   bridge window [mem 0xb2000000-0xb30fffff]
Jul 26 14:07:28 RUE3 kernel: [    1.533773] pci 0000:00:01.0:   bridge window [mem 0xa0000000-0xb1ffffff 64bit pref]
Jul 26 14:07:28 RUE3 kernel: [    1.533777] pci 0000:00:1c.0: PCI bridge to [bus 02]
Jul 26 14:07:28 RUE3 kernel: [    1.533780] pci 0000:00:1c.0:   bridge window [io  0x2000-0x2fff]
Jul 26 14:07:28 RUE3 kernel: [    1.533786] pci 0000:00:1c.0:   bridge window [mem 0xb6100000-0xb70fffff]
Jul 26 14:07:28 RUE3 kernel: [    1.533791] pci 0000:00:1c.0:   bridge window [mem 0xb3100000-0xb40fffff 64bit pref]
Jul 26 14:07:28 RUE3 kernel: [    1.533798] pci 0000:00:1c.1: PCI bridge to [bus 03]
Jul 26 14:07:28 RUE3 kernel: [    1.533801] pci 0000:00:1c.1:   bridge window [io  0x1000-0x1fff]
Jul 26 14:07:28 RUE3 kernel: [    1.533807] pci 0000:00:1c.1:   bridge window [mem 0xb5100000-0xb60fffff]
Jul 26 14:07:28 RUE3 kernel: [    1.533812] pci 0000:00:1c.1:   bridge window [mem 0xb4100000-0xb50fffff 64bit pref]
Jul 26 14:07:28 RUE3 kernel: [    1.533819] pci 0000:00:1e.0: PCI bridge to [bus 04]
Jul 26 14:07:28 RUE3 kernel: [    1.533834] pci_bus 0000:00: resource 4 [io  0x0000-0x0cf7]
Jul 26 14:07:28 RUE3 kernel: [    1.533836] pci_bus 0000:00: resource 5 [io  0x0d00-0xffff]
Jul 26 14:07:28 RUE3 kernel: [    1.533837] pci_bus 0000:00: resource 6 [mem 0x000a0000-0x000bffff]
Jul 26 14:07:28 RUE3 kernel: [    1.533839] pci_bus 0000:00: resource 7 [mem 0xa0000000-0xfebfffff]
Jul 26 14:07:28 RUE3 kernel: [    1.533841] pci_bus 0000:01: resource 0 [io  0x3000-0x3fff]
Jul 26 14:07:28 RUE3 kernel: [    1.533843] pci_bus 0000:01: resource 1 [mem 0xb2000000-0xb30fffff]
Jul 26 14:07:28 RUE3 kernel: [    1.533844] pci_bus 0000:01: resource 2 [mem 0xa0000000-0xb1ffffff 64bit pref]
Jul 26 14:07:28 RUE3 kernel: [    1.533846] pci_bus 0000:02: resource 0 [io  0x2000-0x2fff]
Jul 26 14:07:28 RUE3 kernel: [    1.533848] pci_bus 0000:02: resource 1 [mem 0xb6100000-0xb70fffff]
Jul 26 14:07:28 RUE3 kernel: [    1.533850] pci_bus 0000:02: resource 2 [mem 0xb3100000-0xb40fffff 64bit pref]
Jul 26 14:07:28 RUE3 kernel: [    1.533852] pci_bus 0000:03: resource 0 [io  0x1000-0x1fff]
Jul 26 14:07:28 RUE3 kernel: [    1.533853] pci_bus 0000:03: resource 1 [mem 0xb5100000-0xb60fffff]
Jul 26 14:07:28 RUE3 kernel: [    1.533855] pci_bus 0000:03: resource 2 [mem 0xb4100000-0xb50fffff 64bit pref]
Jul 26 14:07:28 RUE3 kernel: [    1.533857] pci_bus 0000:04: resource 4 [io  0x0000-0x0cf7]
Jul 26 14:07:28 RUE3 kernel: [    1.533859] pci_bus 0000:04: resource 5 [io  0x0d00-0xffff]
Jul 26 14:07:28 RUE3 kernel: [    1.533860] pci_bus 0000:04: resource 6 [mem 0x000a0000-0x000bffff]
Jul 26 14:07:28 RUE3 kernel: [    1.533862] pci_bus 0000:04: resource 7 [mem 0xa0000000-0xfebfffff]
Jul 26 14:07:28 RUE3 kernel: [    1.533896] NET: Registered protocol family 2
Jul 26 14:07:28 RUE3 kernel: [    1.534132] TCP established hash table entries: 32768 (order: 6, 262144 bytes)
Jul 26 14:07:28 RUE3 kernel: [    1.534248] TCP bind hash table entries: 32768 (order: 7, 524288 bytes)
Jul 26 14:07:28 RUE3 kernel: [    1.534398] TCP: Hash tables configured (established 32768 bind 32768)
Jul 26 14:07:28 RUE3 kernel: [    1.534427] TCP: reno registered
Jul 26 14:07:28 RUE3 kernel: [    1.534433] UDP hash table entries: 2048 (order: 4, 65536 bytes)
Jul 26 14:07:28 RUE3 kernel: [    1.534465] UDP-Lite hash table entries: 2048 (order: 4, 65536 bytes)
Jul 26 14:07:28 RUE3 kernel: [    1.534546] NET: Registered protocol family 1
Jul 26 14:07:28 RUE3 kernel: [    1.566112] pci 0000:01:00.0: Video device with shadowed ROM
Jul 26 14:07:28 RUE3 kernel: [    1.566199] PCI: CLS 64 bytes, default 64
Jul 26 14:07:28 RUE3 kernel: [    1.566264] Trying to unpack rootfs image as initramfs...
Jul 26 14:07:28 RUE3 kernel: [    1.893510] Freeing initrd memory: 19548K (ffff8800359c2000 - ffff880036cd9000)
Jul 26 14:07:28 RUE3 kernel: [    1.893518] PCI-DMA: Using software bounce buffering for IO (SWIOTLB)
Jul 26 14:07:28 RUE3 kernel: [    1.893520] software IO TLB [mem 0x9b681000-0x9f681000] (64MB) mapped at [ffff88009b681000-ffff88009f680fff]
Jul 26 14:07:28 RUE3 kernel: [    1.893597] Simple Boot Flag at 0x44 set to 0x1
Jul 26 14:07:28 RUE3 kernel: [    1.893793] microcode: CPU0 sig=0x20652, pf=0x10, revision=0x9
Jul 26 14:07:28 RUE3 kernel: [    1.893799] microcode: CPU1 sig=0x20652, pf=0x10, revision=0x9
Jul 26 14:07:28 RUE3 kernel: [    1.893803] microcode: CPU2 sig=0x20652, pf=0x10, revision=0x9
Jul 26 14:07:28 RUE3 kernel: [    1.893809] microcode: CPU3 sig=0x20652, pf=0x10, revision=0x9
Jul 26 14:07:28 RUE3 kernel: [    1.893879] microcode: Microcode Update Driver: v2.00 <tigran@aivazian.fsnet.co.uk>, Peter Oruba
Jul 26 14:07:28 RUE3 kernel: [    1.893881] Scanning for low memory corruption every 60 seconds
Jul 26 14:07:28 RUE3 kernel: [    1.894211] Initialise system trusted keyring
Jul 26 14:07:28 RUE3 kernel: [    1.894259] audit: initializing netlink socket (disabled)
Jul 26 14:07:28 RUE3 kernel: [    1.894272] type=2000 audit(1469534815.624:1): initialized
Jul 26 14:07:28 RUE3 kernel: [    1.920011] HugeTLB registered 2 MB page size, pre-allocated 0 pages
Jul 26 14:07:28 RUE3 kernel: [    1.921016] zbud: loaded
Jul 26 14:07:28 RUE3 kernel: [    1.921171] VFS: Disk quotas dquot_6.5.2
Jul 26 14:07:28 RUE3 kernel: [    1.921211] Dquot-cache hash table entries: 512 (order 0, 4096 bytes)
Jul 26 14:07:28 RUE3 kernel: [    1.921654] fuse init (API version 7.22)
Jul 26 14:07:28 RUE3 kernel: [    1.921726] msgmni has been set to 7630
Jul 26 14:07:28 RUE3 kernel: [    1.921779] Key type big_key registered
Jul 26 14:07:28 RUE3 kernel: [    1.922349] Key type asymmetric registered
Jul 26 14:07:28 RUE3 kernel: [    1.922351] Asymmetric key parser 'x509' registered
Jul 26 14:07:28 RUE3 kernel: [    1.922386] Block layer SCSI generic (bsg) driver version 0.4 loaded (major 252)
Jul 26 14:07:28 RUE3 kernel: [    1.922429] io scheduler noop registered
Jul 26 14:07:28 RUE3 kernel: [    1.922431] io scheduler deadline registered (default)
Jul 26 14:07:28 RUE3 kernel: [    1.922454] io scheduler cfq registered
Jul 26 14:07:28 RUE3 kernel: [    1.922675] pcieport 0000:00:01.0: irq 40 for MSI/MSI-X
Jul 26 14:07:28 RUE3 kernel: [    1.922977] pci_hotplug: PCI Hot Plug PCI Core version: 0.5
Jul 26 14:07:28 RUE3 kernel: [    1.922990] pciehp: PCI Express Hot Plug Controller Driver version: 0.4
Jul 26 14:07:28 RUE3 kernel: [    1.923024] vesafb: mode is 1280x1024x32, linelength=5120, pages=0
Jul 26 14:07:28 RUE3 kernel: [    1.923025] vesafb: scrolling: redraw
Jul 26 14:07:28 RUE3 kernel: [    1.923027] vesafb: Truecolor: size=8:8:8:8, shift=24:16:8:0
Jul 26 14:07:28 RUE3 kernel: [    1.924781] vesafb: framebuffer at 0xb1000000, mapped to 0xffffc90010780000, using 5120k, total 5120k
Jul 26 14:07:28 RUE3 kernel: [    1.927932] Console: switching to colour frame buffer device 160x64
Jul 26 14:07:28 RUE3 kernel: [    1.930929] fb0: VESA VGA frame buffer device
Jul 26 14:07:28 RUE3 kernel: [    1.930968] intel_idle: MWAIT substates: 0x1120
Jul 26 14:07:28 RUE3 kernel: [    1.930970] intel_idle: v0.4 model 0x25
Jul 26 14:07:28 RUE3 kernel: [    1.930973] intel_idle: lapic_timer_reliable_states 0xffffffff
Jul 26 14:07:28 RUE3 kernel: [    1.931087] ipmi message handler version 39.2
Jul 26 14:07:28 RUE3 kernel: [    2.434404] ACPI: Deprecated procfs I/F for AC is loaded, please retry with CONFIG_ACPI_PROCFS_POWER cleared
Jul 26 14:07:28 RUE3 kernel: [    2.890563] tsc: Refined TSC clocksource calibration: 2261.391 MHz
Jul 26 14:07:28 RUE3 kernel: [    2.938608] ACPI: AC Adapter [AC] (on-line)
Jul 26 14:07:28 RUE3 kernel: [    2.938719] input: Power Button as /devices/LNXSYSTM:00/device:00/PNP0A08:00/device:11/PNP0C0C:00/input/input0
Jul 26 14:07:28 RUE3 kernel: [    2.938726] ACPI: Power Button [PWRB]
Jul 26 14:07:28 RUE3 kernel: [    2.938763] input: Lid Switch as /devices/LNXSYSTM:00/device:00/PNP0A08:00/device:11/PNP0C0D:00/input/input1
Jul 26 14:07:28 RUE3 kernel: [    2.938793] ACPI: Lid Switch [LID0]
Jul 26 14:07:28 RUE3 kernel: [    2.938829] input: Sleep Button as /devices/LNXSYSTM:00/device:00/PNP0A08:00/device:11/PNP0C0E:00/input/input2
Jul 26 14:07:28 RUE3 kernel: [    2.938831] ACPI: Sleep Button [SLPB]
Jul 26 14:07:28 RUE3 kernel: [    2.938865] input: Power Button as /devices/LNXSYSTM:00/LNXPWRBN:00/input/input3
Jul 26 14:07:28 RUE3 kernel: [    2.938867] ACPI: Power Button [PWRF]
Jul 26 14:07:28 RUE3 kernel: [    2.941117] GHES: HEST is not enabled!
Jul 26 14:07:28 RUE3 kernel: [    2.941538] Serial: 8250/16550 driver, 32 ports, IRQ sharing enabled
Jul 26 14:07:28 RUE3 kernel: [    3.142602] ACPI: Deprecated procfs I/F for battery is loaded, please retry with CONFIG_ACPI_PROCFS_POWER cleared
Jul 26 14:07:28 RUE3 kernel: [    3.142608] ACPI: Battery Slot [BAT0] (battery absent)
Jul 26 14:07:28 RUE3 kernel: [    3.142721] Linux agpgart interface v0.103
Jul 26 14:07:28 RUE3 kernel: [    3.146365] brd: module loaded
Jul 26 14:07:28 RUE3 kernel: [    3.147531] loop: module loaded
Jul 26 14:07:28 RUE3 kernel: [    3.147856] libphy: Fixed MDIO Bus: probed
Jul 26 14:07:28 RUE3 kernel: [    3.147933] tun: Universal TUN/TAP device driver, 1.6
Jul 26 14:07:28 RUE3 kernel: [    3.147934] tun: (C) 1999-2004 Max Krasnyansky <maxk@qualcomm.com>
Jul 26 14:07:28 RUE3 kernel: [    3.147990] PPP generic driver version 2.4.2
Jul 26 14:07:28 RUE3 kernel: [    3.148054] ehci_hcd: USB 2.0 'Enhanced' Host Controller (EHCI) Driver
Jul 26 14:07:28 RUE3 kernel: [    3.148058] ehci-pci: EHCI PCI platform driver
Jul 26 14:07:28 RUE3 kernel: [    3.148195] ehci-pci 0000:00:1a.0: EHCI Host Controller
Jul 26 14:07:28 RUE3 kernel: [    3.148202] ehci-pci 0000:00:1a.0: new USB bus registered, assigned bus number 1
Jul 26 14:07:28 RUE3 kernel: [    3.148218] ehci-pci 0000:00:1a.0: debug port 2
Jul 26 14:07:28 RUE3 kernel: [    3.152157] ehci-pci 0000:00:1a.0: cache line size of 64 is not supported
Jul 26 14:07:28 RUE3 kernel: [    3.152185] ehci-pci 0000:00:1a.0: irq 16, io mem 0xb7105c00
Jul 26 14:07:28 RUE3 kernel: [    3.162602] ehci-pci 0000:00:1a.0: USB 2.0 started, EHCI 1.00
Jul 26 14:07:28 RUE3 kernel: [    3.162673] usb usb1: New USB device found, idVendor=1d6b, idProduct=0002
Jul 26 14:07:28 RUE3 kernel: [    3.162677] usb usb1: New USB device strings: Mfr=3, Product=2, SerialNumber=1
Jul 26 14:07:28 RUE3 kernel: [    3.162681] usb usb1: Product: EHCI Host Controller
Jul 26 14:07:28 RUE3 kernel: [    3.162684] usb usb1: Manufacturer: Linux 3.13.0-65-generic ehci_hcd
Jul 26 14:07:28 RUE3 kernel: [    3.162687] usb usb1: SerialNumber: 0000:00:1a.0
Jul 26 14:07:28 RUE3 kernel: [    3.162808] hub 1-0:1.0: USB hub found
Jul 26 14:07:28 RUE3 kernel: [    3.162815] hub 1-0:1.0: 2 ports detected
Jul 26 14:07:28 RUE3 kernel: [    3.162986] ehci-pci 0000:00:1d.0: EHCI Host Controller
Jul 26 14:07:28 RUE3 kernel: [    3.162991] ehci-pci 0000:00:1d.0: new USB bus registered, assigned bus number 2
Jul 26 14:07:28 RUE3 kernel: [    3.163005] ehci-pci 0000:00:1d.0: debug port 2
Jul 26 14:07:28 RUE3 kernel: [    3.166930] ehci-pci 0000:00:1d.0: cache line size of 64 is not supported
Jul 26 14:07:28 RUE3 kernel: [    3.166953] ehci-pci 0000:00:1d.0: irq 23, io mem 0xb7105800
Jul 26 14:07:28 RUE3 kernel: [    3.178678] ehci-pci 0000:00:1d.0: USB 2.0 started, EHCI 1.00
Jul 26 14:07:28 RUE3 kernel: [    3.178757] usb usb2: New USB device found, idVendor=1d6b, idProduct=0002
Jul 26 14:07:28 RUE3 kernel: [    3.178763] usb usb2: New USB device strings: Mfr=3, Product=2, SerialNumber=1
Jul 26 14:07:28 RUE3 kernel: [    3.178766] usb usb2: Product: EHCI Host Controller
Jul 26 14:07:28 RUE3 kernel: [    3.178770] usb usb2: Manufacturer: Linux 3.13.0-65-generic ehci_hcd
Jul 26 14:07:28 RUE3 kernel: [    3.178773] usb usb2: SerialNumber: 0000:00:1d.0
Jul 26 14:07:28 RUE3 kernel: [    3.179049] hub 2-0:1.0: USB hub found
Jul 26 14:07:28 RUE3 kernel: [    3.179065] hub 2-0:1.0: 2 ports detected
Jul 26 14:07:28 RUE3 kernel: [    3.179206] ehci-platform: EHCI generic platform driver
Jul 26 14:07:28 RUE3 kernel: [    3.179220] ohci_hcd: USB 1.1 'Open' Host Controller (OHCI) Driver
Jul 26 14:07:28 RUE3 kernel: [    3.179222] ohci-pci: OHCI PCI platform driver
Jul 26 14:07:28 RUE3 kernel: [    3.179236] ohci-platform: OHCI generic platform driver
Jul 26 14:07:28 RUE3 kernel: [    3.179245] uhci_hcd: USB Universal Host Controller Interface driver
Jul 26 14:07:28 RUE3 kernel: [    3.179343] i8042: PNP: PS/2 Controller [PNP0303:KBC0,PNP0f13:MSS0] at 0x60,0x64 irq 1,12
Jul 26 14:07:28 RUE3 kernel: [    3.200304] serio: i8042 KBD port at 0x60,0x64 irq 1
Jul 26 14:07:28 RUE3 kernel: [    3.200309] serio: i8042 AUX port at 0x60,0x64 irq 12
Jul 26 14:07:28 RUE3 kernel: [    3.200659] mousedev: PS/2 mouse device common for all mice
Jul 26 14:07:28 RUE3 kernel: [    3.201311] rtc_cmos 00:05: RTC can wake from S4
Jul 26 14:07:28 RUE3 kernel: [    3.201519] rtc_cmos 00:05: rtc core: registered rtc_cmos as rtc0
Jul 26 14:07:28 RUE3 kernel: [    3.201558] rtc_cmos 00:05: alarms up to one year, y3k, 242 bytes nvram, hpet irqs
Jul 26 14:07:28 RUE3 kernel: [    3.201672] device-mapper: uevent: version 1.0.3
Jul 26 14:07:28 RUE3 kernel: [    3.201788] device-mapper: ioctl: 4.27.0-ioctl (2013-10-30) initialised: dm-devel@redhat.com
Jul 26 14:07:28 RUE3 kernel: [    3.201800] ledtrig-cpu: registered to indicate activity on CPUs
Jul 26 14:07:28 RUE3 kernel: [    3.201977] TCP: cubic registered
Jul 26 14:07:28 RUE3 kernel: [    3.202123] NET: Registered protocol family 10
Jul 26 14:07:28 RUE3 kernel: [    3.202393] NET: Registered protocol family 17
Jul 26 14:07:28 RUE3 kernel: [    3.202410] Key type dns_resolver registered
Jul 26 14:07:28 RUE3 kernel: [    3.202889] Loading compiled-in X.509 certificates
Jul 26 14:07:28 RUE3 kernel: [    3.204943] Loaded X.509 cert 'Magrathea: Glacier signing key: 27cd636c818cdb452f9bcdff71219c6cf384f51a'
Jul 26 14:07:28 RUE3 kernel: [    3.204963] registered taskstats version 1
Jul 26 14:07:28 RUE3 kernel: [    3.207647] Key type trusted registered
Jul 26 14:07:28 RUE3 kernel: [    3.212267] Key type encrypted registered
Jul 26 14:07:28 RUE3 kernel: [    3.212275] AppArmor: AppArmor sha1 policy hashing enabled
Jul 26 14:07:28 RUE3 kernel: [    3.212279] IMA: No TPM chip found, activating TPM-bypass!
Jul 26 14:07:28 RUE3 kernel: [    3.212931] regulator-dummy: disabling
Jul 26 14:07:28 RUE3 kernel: [    3.213127]   Magic number: 8:297:128
Jul 26 14:07:28 RUE3 kernel: [    3.213222] acpi PNP0C02:00: hash matches
Jul 26 14:07:28 RUE3 kernel: [    3.213233] acpi device:03: hash matches
Jul 26 14:07:28 RUE3 kernel: [    3.213349] rtc_cmos 00:05: setting system clock to 2016-07-26 12:06:57 UTC (1469534817)
Jul 26 14:07:28 RUE3 kernel: [    3.214539] BIOS EDD facility v0.16 2004-Jun-25, 0 devices found
Jul 26 14:07:28 RUE3 kernel: [    3.214540] EDD information not available.
Jul 26 14:07:28 RUE3 kernel: [    3.214581] PM: Hibernation image not present or could not be loaded.
Jul 26 14:07:28 RUE3 kernel: [    3.215605] Freeing unused kernel memory: 1336K (ffffffff81d20000 - ffffffff81e6e000)
Jul 26 14:07:28 RUE3 kernel: [    3.215609] Write protecting the kernel read-only data: 12288k
Jul 26 14:07:28 RUE3 kernel: [    3.217708] Freeing unused kernel memory: 784K (ffff88000173c000 - ffff880001800000)
Jul 26 14:07:28 RUE3 kernel: [    3.219480] Freeing unused kernel memory: 680K (ffff880001b56000 - ffff880001c00000)
Jul 26 14:07:28 RUE3 kernel: [    3.223335] input: AT Translated Set 2 keyboard as /devices/platform/i8042/serio0/input/input4
Jul 26 14:07:28 RUE3 kernel: [    3.233034] systemd-udevd[124]: starting version 204
Jul 26 14:07:28 RUE3 kernel: [    3.474794] usb 1-1: new high-speed USB device number 2 using ehci-pci
Jul 26 14:07:28 RUE3 kernel: [    3.607237] usb 1-1: New USB device found, idVendor=8087, idProduct=0020
Jul 26 14:07:28 RUE3 kernel: [    3.607242] usb 1-1: New USB device strings: Mfr=0, Product=0, SerialNumber=0
Jul 26 14:07:28 RUE3 kernel: [    3.607480] hub 1-1:1.0: USB hub found
Jul 26 14:07:28 RUE3 kernel: [    3.607561] hub 1-1:1.0: 6 ports detected
Jul 26 14:07:28 RUE3 kernel: [    3.718890] usb 2-1: new high-speed USB device number 2 using ehci-pci
Jul 26 14:07:28 RUE3 kernel: [    3.851336] usb 2-1: New USB device found, idVendor=8087, idProduct=0020
Jul 26 14:07:28 RUE3 kernel: [    3.851342] usb 2-1: New USB device strings: Mfr=0, Product=0, SerialNumber=0
Jul 26 14:07:28 RUE3 kernel: [    3.851772] hub 2-1:1.0: USB hub found
Jul 26 14:07:28 RUE3 kernel: [    3.851953] hub 2-1:1.0: 8 ports detected
Jul 26 14:07:28 RUE3 kernel: [    3.891092] Switched to clocksource tsc
Jul 26 14:07:28 RUE3 kernel: [    3.922966] usb 1-1.1: new high-speed USB device number 3 using ehci-pci
Jul 26 14:07:28 RUE3 kernel: [    4.121572] usb 1-1.1: New USB device found, idVendor=0402, idProduct=9665
Jul 26 14:07:28 RUE3 kernel: [    4.121577] usb 1-1.1: New USB device strings: Mfr=3, Product=1, SerialNumber=0
Jul 26 14:07:28 RUE3 kernel: [    4.121581] usb 1-1.1: Product: 1.3M WebCam
Jul 26 14:07:28 RUE3 kernel: [    4.121583] usb 1-1.1: Manufacturer: XPA2A0NMG
Jul 26 14:07:28 RUE3 kernel: [    4.207120] usb 2-1.2: new low-speed USB device number 3 using ehci-pci
Jul 26 14:07:28 RUE3 kernel: [    4.258859] pps_core: LinuxPPS API ver. 1 registered
Jul 26 14:07:28 RUE3 kernel: [    4.258863] pps_core: Software ver. 5.3.6 - Copyright 2005-2007 Rodolfo Giometti <giometti@linux.it>
Jul 26 14:07:28 RUE3 kernel: [    4.260170] PTP clock support registered
Jul 26 14:07:28 RUE3 kernel: [    4.261262] ahci 0000:00:1f.2: version 3.0
Jul 26 14:07:28 RUE3 kernel: [    4.261416] ahci 0000:00:1f.2: irq 41 for MSI/MSI-X
Jul 26 14:07:28 RUE3 kernel: [    4.261452] ahci 0000:00:1f.2: SSS flag set, parallel bus scan disabled
Jul 26 14:07:28 RUE3 kernel: [    4.261486] ahci 0000:00:1f.2: AHCI 0001.0300 32 slots 4 ports 3 Gbps 0x3 impl SATA mode
Jul 26 14:07:28 RUE3 kernel: [    4.261489] ahci 0000:00:1f.2: flags: 64bit ncq sntf stag pm led clo pio slum part ems apst 
Jul 26 14:07:28 RUE3 kernel: [    4.263665] tg3.c:v3.134 (Sep 16, 2013)
Jul 26 14:07:28 RUE3 kernel: [    4.271044] scsi0 : ahci
Jul 26 14:07:28 RUE3 kernel: [    4.271214] scsi1 : ahci
Jul 26 14:07:28 RUE3 kernel: [    4.271353] scsi2 : ahci
Jul 26 14:07:28 RUE3 kernel: [    4.271417] scsi3 : ahci
Jul 26 14:07:28 RUE3 kernel: [    4.271465] ata1: SATA max UDMA/133 abar m2048@0xb7105000 port 0xb7105100 irq 41
Jul 26 14:07:28 RUE3 kernel: [    4.271469] ata2: SATA max UDMA/133 abar m2048@0xb7105000 port 0xb7105180 irq 41
Jul 26 14:07:28 RUE3 kernel: [    4.271471] ata3: DUMMY
Jul 26 14:07:28 RUE3 kernel: [    4.271473] ata4: DUMMY
Jul 26 14:07:28 RUE3 kernel: [    4.285156] libphy: tg3 mdio bus: probed
Jul 26 14:07:28 RUE3 kernel: [    4.294470] tg3 0000:02:00.0 eth0: Tigon3 [partno(BCM57780) rev 57780001] (PCI Express) MAC address 70:5a:b6:41:65:cd
Jul 26 14:07:28 RUE3 kernel: [    4.294473] tg3 0000:02:00.0 eth0: attached PHY driver [Broadcom BCM57780] (mii_bus:phy_addr=200:01)
Jul 26 14:07:28 RUE3 kernel: [    4.294475] tg3 0000:02:00.0 eth0: RXcsums[1] LinkChgREG[0] MIirq[0] ASF[0] TSOcap[1]
Jul 26 14:07:28 RUE3 kernel: [    4.294477] tg3 0000:02:00.0 eth0: dma_rwctrl[76180000] dma_mask[64-bit]
Jul 26 14:07:28 RUE3 kernel: [    4.305136] usb 2-1.2: New USB device found, idVendor=046d, idProduct=c31c
Jul 26 14:07:28 RUE3 kernel: [    4.305143] usb 2-1.2: New USB device strings: Mfr=1, Product=2, SerialNumber=0
Jul 26 14:07:28 RUE3 kernel: [    4.305147] usb 2-1.2: Product: USB Keyboard
Jul 26 14:07:28 RUE3 kernel: [    4.305150] usb 2-1.2: Manufacturer: Logitech
Jul 26 14:07:28 RUE3 kernel: [    4.379144] usb 2-1.3: new low-speed USB device number 4 using ehci-pci
Jul 26 14:07:28 RUE3 kernel: [    4.476361] usb 2-1.3: New USB device found, idVendor=045e, idProduct=0040
Jul 26 14:07:28 RUE3 kernel: [    4.476367] usb 2-1.3: New USB device strings: Mfr=1, Product=3, SerialNumber=0
Jul 26 14:07:28 RUE3 kernel: [    4.476371] usb 2-1.3: Product: Microsoft 3-Button Mouse with IntelliEye(TM)
Jul 26 14:07:28 RUE3 kernel: [    4.476375] usb 2-1.3: Manufacturer: Microsoft
Jul 26 14:07:28 RUE3 kernel: [    4.480694] hidraw: raw HID events driver (C) Jiri Kosina
Jul 26 14:07:28 RUE3 kernel: [    4.494634] usbcore: registered new interface driver usbhid
Jul 26 14:07:28 RUE3 kernel: [    4.494636] usbhid: USB HID core driver
Jul 26 14:07:28 RUE3 kernel: [    4.496925] input: Logitech USB Keyboard as /devices/pci0000:00/0000:00:1d.0/usb2/2-1/2-1.2/2-1.2:1.0/input/input7
Jul 26 14:07:28 RUE3 kernel: [    4.497042] hid-generic 0003:046D:C31C.0001: input,hidraw0: USB HID v1.10 Keyboard [Logitech USB Keyboard] on usb-0000:00:1d.0-1.2/input0
Jul 26 14:07:28 RUE3 kernel: [    4.498690] input: Logitech USB Keyboard as /devices/pci0000:00/0000:00:1d.0/usb2/2-1/2-1.2/2-1.2:1.1/input/input8
Jul 26 14:07:28 RUE3 kernel: [    4.498774] hid-generic 0003:046D:C31C.0002: input,hidraw1: USB HID v1.10 Device [Logitech USB Keyboard] on usb-0000:00:1d.0-1.2/input1
Jul 26 14:07:28 RUE3 kernel: [    4.498915] input: Microsoft Microsoft 3-Button Mouse with IntelliEye(TM) as /devices/pci0000:00/0000:00:1d.0/usb2/2-1/2-1.3/2-1.3:1.0/input/input9
Jul 26 14:07:28 RUE3 kernel: [    4.499466] hid-generic 0003:045E:0040.0003: input,hidraw2: USB HID v1.10 Mouse [Microsoft Microsoft 3-Button Mouse with IntelliEye(TM)] on usb-0000:00:1d.0-1.3/input0
Jul 26 14:07:28 RUE3 kernel: [    4.591245] ata1: SATA link up 3.0 Gbps (SStatus 123 SControl 300)
Jul 26 14:07:28 RUE3 kernel: [    4.593224] ata1.00: ATA-8: WDC WD5000BEVT-22A0RT0, 01.01A01, max UDMA/133
Jul 26 14:07:28 RUE3 kernel: [    4.593229] ata1.00: 976773168 sectors, multi 0: LBA48 NCQ (depth 31/32), AA
Jul 26 14:07:28 RUE3 kernel: [    4.595358] ata1.00: configured for UDMA/133
Jul 26 14:07:28 RUE3 kernel: [    4.595680] scsi 0:0:0:0: Direct-Access     ATA      WDC WD5000BEVT-2 01.0 PQ: 0 ANSI: 5
Jul 26 14:07:28 RUE3 kernel: [    4.595869] sd 0:0:0:0: [sda] 976773168 512-byte logical blocks: (500 GB/465 GiB)
Jul 26 14:07:28 RUE3 kernel: [    4.595890] sd 0:0:0:0: Attached scsi generic sg0 type 0
Jul 26 14:07:28 RUE3 kernel: [    4.595945] sd 0:0:0:0: [sda] Write Protect is off
Jul 26 14:07:28 RUE3 kernel: [    4.595949] sd 0:0:0:0: [sda] Mode Sense: 00 3a 00 00
Jul 26 14:07:28 RUE3 kernel: [    4.595983] sd 0:0:0:0: [sda] Write cache: enabled, read cache: enabled, doesn't support DPO or FUA
Jul 26 14:07:28 RUE3 kernel: [    4.637116]  sda: sda1 sda2 < sda5 >
Jul 26 14:07:28 RUE3 kernel: [    4.637812] sd 0:0:0:0: [sda] Attached SCSI disk
Jul 26 14:07:28 RUE3 kernel: [    4.915335] ata2: SATA link up 1.5 Gbps (SStatus 113 SControl 300)
Jul 26 14:07:28 RUE3 kernel: [    4.915795] ata2.00: ATAPI: Optiarc DVD RW AD-7585H, KX04, max UDMA/100
Jul 26 14:07:28 RUE3 kernel: [    4.918973] ata2.00: configured for UDMA/100
Jul 26 14:07:28 RUE3 kernel: [    4.924222] scsi 1:0:0:0: CD-ROM            Optiarc  DVD RW AD-7585H  KX04 PQ: 0 ANSI: 5
Jul 26 14:07:28 RUE3 kernel: [    4.933062] sr0: scsi3-mmc drive: 24x/24x writer dvd-ram cd/rw xa/form2 cdda tray
Jul 26 14:07:28 RUE3 kernel: [    4.933067] cdrom: Uniform CD-ROM driver Revision: 3.20
Jul 26 14:07:28 RUE3 kernel: [    4.933372] sr 1:0:0:0: Attached scsi CD-ROM sr0
Jul 26 14:07:28 RUE3 kernel: [    4.933448] sr 1:0:0:0: Attached scsi generic sg1 type 5
Jul 26 14:07:28 RUE3 kernel: [    5.275416] random: lvm urandom read with 67 bits of entropy available
Jul 26 14:07:28 RUE3 kernel: [    5.300911] bio: create slab <bio-1> at 1
Jul 26 14:07:28 RUE3 kernel: [    5.371071] psmouse serio1: synaptics: queried max coordinates: x [..5772], y [..5086]
Jul 26 14:07:28 RUE3 kernel: [    5.504098] psmouse serio1: synaptics: Touchpad model: 1, fw: 7.2, id: 0x1c0b1, caps: 0xd04733/0xa40000/0xa0000, board id: 0, fw id: 570026
Jul 26 14:07:28 RUE3 kernel: [    5.586210] input: SynPS/2 Synaptics TouchPad as /devices/platform/i8042/serio1/input/input6
Jul 26 14:07:28 RUE3 kernel: [    8.153108] random: nonblocking pool is initialized
Jul 26 14:07:28 RUE3 kernel: [    9.180597] EXT4-fs (dm-0): INFO: recovery required on readonly filesystem
Jul 26 14:07:28 RUE3 kernel: [    9.180602] EXT4-fs (dm-0): write access will be enabled during recovery
Jul 26 14:07:28 RUE3 kernel: [   12.217105] EXT4-fs (dm-0): orphan cleanup on readonly fs
Jul 26 14:07:28 RUE3 kernel: [   12.466492] EXT4-fs (dm-0): 33 orphan inodes deleted
Jul 26 14:07:28 RUE3 kernel: [   12.466494] EXT4-fs (dm-0): recovery complete
Jul 26 14:07:28 RUE3 kernel: [   12.986901] EXT4-fs (dm-0): mounted filesystem with ordered data mode. Opts: (null)
Jul 26 14:07:28 RUE3 kernel: [   27.242229] Adding 4050940k swap on /dev/mapper/ubuntu--vg-swap_1.  Priority:-1 extents:1 across:4050940k FS
Jul 26 14:07:28 RUE3 kernel: [   27.440895] IPv6: ADDRCONF(NETDEV_UP): eth0: link is not ready
Jul 26 14:07:28 RUE3 kernel: [   27.476217] systemd-udevd[326]: starting version 204
Jul 26 14:07:28 RUE3 kernel: [   27.667004] lp: driver loaded but no devices found
Jul 26 14:07:28 RUE3 kernel: [   27.672726] ppdev: user-space parallel port driver
Jul 26 14:07:28 RUE3 kernel: [   27.734357] ACPI: Video Device [VGA] (multi-head: yes  rom: yes  post: no)
Jul 26 14:07:28 RUE3 kernel: [   27.735852] wmi: Mapper loaded
Jul 26 14:07:28 RUE3 kernel: [   28.044683] acpi device:0e: registered as cooling_device4
Jul 26 14:07:28 RUE3 kernel: [   28.044815] input: Video Bus as /devices/LNXSYSTM:00/device:00/PNP0A08:00/device:0a/LNXVIDEO:01/input/input10
Jul 26 14:07:28 RUE3 kernel: [   28.049021] acer_wmi: Acer Laptop ACPI-WMI Extras
Jul 26 14:07:28 RUE3 kernel: [   28.049043] acer_wmi: Function bitmap for Communication Button: 0x1
Jul 26 14:07:28 RUE3 kernel: [   28.049049] acer_wmi: Brightness must be controlled by generic video driver
Jul 26 14:07:28 RUE3 kernel: [   28.049051] acer_wmi: Disabling ACPI video driver
Jul 26 14:07:28 RUE3 kernel: [   28.073394] input: Acer WMI hotkeys as /devices/virtual/input/input11
Jul 26 14:07:28 RUE3 kernel: [   28.073775] input: Acer BMA150 accelerometer as /devices/virtual/input/input12
Jul 26 14:07:28 RUE3 kernel: [   28.166219] EXT4-fs (dm-0): re-mounted. Opts: errors=remount-ro
Jul 26 14:07:28 RUE3 kernel: [   28.752866] shpchp: Standard Hot Plug PCI Controller Driver version: 0.4
Jul 26 14:07:28 RUE3 kernel: [   28.759963] mei_me 0000:00:16.0: irq 42 for MSI/MSI-X
Jul 26 14:07:28 RUE3 kernel: [   28.764381] [drm] Initialized drm 1.1.0 20060810
Jul 26 14:07:28 RUE3 kernel: [   28.769547] bcma: bus0: Found chip with id 0xA8D9, rev 0x01 and package 0x08
Jul 26 14:07:28 RUE3 kernel: [   28.769595] bcma: bus0: Core 0 found: ChipCommon (manuf 0x4BF, id 0x800, rev 0x22, class 0x0)
Jul 26 14:07:28 RUE3 kernel: [   28.769632] bcma: bus0: Core 1 found: IEEE 802.11 (manuf 0x4BF, id 0x812, rev 0x17, class 0x0)
Jul 26 14:07:28 RUE3 kernel: [   28.769704] bcma: bus0: Core 2 found: PCIe (manuf 0x4BF, id 0x820, rev 0x0F, class 0x0)
Jul 26 14:07:28 RUE3 kernel: [   28.774617] ACPI Warning: 0x0000000000000428-0x000000000000042f SystemIO conflicts with Region \PMIO 1 (20131115/utaddress-251)
Jul 26 14:07:28 RUE3 kernel: [   28.774626] ACPI: If an ACPI driver is available for this device, you should use it instead of the native driver
Jul 26 14:07:28 RUE3 kernel: [   28.774631] ACPI Warning: 0x0000000000000540-0x000000000000054f SystemIO conflicts with Region \GPIO 1 (20131115/utaddress-251)
Jul 26 14:07:28 RUE3 kernel: [   28.774636] ACPI: If an ACPI driver is available for this device, you should use it instead of the native driver
Jul 26 14:07:28 RUE3 kernel: [   28.774638] ACPI Warning: 0x0000000000000530-0x000000000000053f SystemIO conflicts with Region \GPIO 1 (20131115/utaddress-251)
Jul 26 14:07:28 RUE3 kernel: [   28.774641] ACPI Warning: 0x0000000000000530-0x000000000000053f SystemIO conflicts with Region \_SB_.PCI0.GPIO 2 (20131115/utaddress-251)
Jul 26 14:07:28 RUE3 kernel: [   28.774645] ACPI: If an ACPI driver is available for this device, you should use it instead of the native driver
Jul 26 14:07:28 RUE3 kernel: [   28.774646] ACPI Warning: 0x0000000000000500-0x000000000000052f SystemIO conflicts with Region \GPIO 1 (20131115/utaddress-251)
Jul 26 14:07:28 RUE3 kernel: [   28.774650] ACPI Warning: 0x0000000000000500-0x000000000000052f SystemIO conflicts with Region \_SB_.PCI0.GPIO 2 (20131115/utaddress-251)
Jul 26 14:07:28 RUE3 kernel: [   28.774654] ACPI: If an ACPI driver is available for this device, you should use it instead of the native driver
Jul 26 14:07:28 RUE3 kernel: [   28.774655] lpc_ich: Resource conflict(s) found affecting gpio_ich
Jul 26 14:07:28 RUE3 kernel: [   28.795206] bcma: bus0: Bus registered
Jul 26 14:07:28 RUE3 kernel: [   28.796633] intel ips 0000:00:1f.6: CPU TDP doesn't match expected value (found 25, expected 29)
Jul 26 14:07:28 RUE3 kernel: [   28.799451] intel ips 0000:00:1f.6: failed to get i915 symbols, graphics turbo disabled until i915 loads
Jul 26 14:07:28 RUE3 kernel: [   28.799618] intel ips 0000:00:1f.6: IPS driver initialized, MCP temp limit 90
Jul 26 14:07:28 RUE3 kernel: [   28.813834] MXM: GUID detected in BIOS
Jul 26 14:07:28 RUE3 kernel: [   28.813928] ACPI Warning: \_SB_.PCI0.P0P2.VGA_._DSM: Argument #4 type mismatch - Found [Integer], ACPI requires [Package] (20131115/nsarguments-95)
Jul 26 14:07:28 RUE3 kernel: [   28.814136] ACPI Warning: \_SB_.PCI0.P0P2.VGA_._DSM: Argument #4 type mismatch - Found [Buffer], ACPI requires [Package] (20131115/nsarguments-95)
Jul 26 14:07:28 RUE3 kernel: [   28.814300] checking generic (b1000000 500000) vs hw (a0000000 10000000)
Jul 26 14:07:28 RUE3 kernel: [   28.814303] checking generic (b1000000 500000) vs hw (b0000000 2000000)
Jul 26 14:07:28 RUE3 kernel: [   28.814305] fb: conflicting fb hw usage nouveaufb vs VESA VGA - removing generic driver
Jul 26 14:07:28 RUE3 kernel: [   28.814372] Console: switching to colour dummy device 80x25
Jul 26 14:07:28 RUE3 kernel: [   28.817532] nouveau  [  DEVICE][0000:01:00.0] BOOT0  : 0x0a5680a2
Jul 26 14:07:28 RUE3 kernel: [   28.817538] nouveau  [  DEVICE][0000:01:00.0] Chipset: GT216 (NVA5)
Jul 26 14:07:28 RUE3 kernel: [   28.817541] nouveau  [  DEVICE][0000:01:00.0] Family : NV50
Jul 26 14:07:28 RUE3 kernel: [   28.819616] nouveau  [   VBIOS][0000:01:00.0] checking PRAMIN for image...
Jul 26 14:07:28 RUE3 kernel: [   28.858530] kvm: VM_EXIT_LOAD_IA32_PERF_GLOBAL_CTRL does not work properly. Using workaround
Jul 26 14:07:28 RUE3 kernel: [   28.909096] snd_hda_intel 0000:00:1b.0: irq 43 for MSI/MSI-X
Jul 26 14:07:28 RUE3 kernel: [   28.927717] SKU: Nid=0x1d sku_cfg=0x4016892d
Jul 26 14:07:28 RUE3 kernel: [   28.927717] SKU: port_connectivity=0x1
Jul 26 14:07:28 RUE3 kernel: [   28.927718] SKU: enable_pcbeep=0x1
Jul 26 14:07:28 RUE3 kernel: [   28.927718] SKU: check_sum=0x00000006
Jul 26 14:07:28 RUE3 kernel: [   28.927719] SKU: customization=0x00000089
Jul 26 14:07:28 RUE3 kernel: [   28.927719] SKU: external_amp=0x5
Jul 26 14:07:28 RUE3 kernel: [   28.927719] SKU: platform_type=0x1
Jul 26 14:07:28 RUE3 kernel: [   28.927720] SKU: swap=0x0
Jul 26 14:07:28 RUE3 kernel: [   28.927721] SKU: override=0x1
Jul 26 14:07:28 RUE3 kernel: [   28.927955] autoconfig: line_outs=1 (0x14/0x0/0x0/0x0/0x0) type:speaker
Jul 26 14:07:28 RUE3 kernel: [   28.927973]    speaker_outs=0 (0x0/0x0/0x0/0x0/0x0)
Jul 26 14:07:28 RUE3 kernel: [   28.927974]    hp_outs=1 (0x21/0x0/0x0/0x0/0x0)
Jul 26 14:07:28 RUE3 kernel: [   28.927975]    mono: mono_out=0x0
Jul 26 14:07:28 RUE3 kernel: [   28.927975]    inputs:
Jul 26 14:07:28 RUE3 kernel: [   28.927977]      Internal Mic=0x19
Jul 26 14:07:28 RUE3 kernel: [   28.927977]      Mic=0x18
Jul 26 14:07:28 RUE3 kernel: [   28.927979] realtek: No valid SSID, checking pincfg 0x4016892d for NID 0x1d
Jul 26 14:07:28 RUE3 kernel: [   28.927979] realtek: Enabling init ASM_ID=0x892d CODEC_ID=10ec0272
Jul 26 14:07:28 RUE3 kernel: [   28.936184] input: HDA Intel MID Headphone as /devices/pci0000:00/0000:00:1b.0/sound/card0/input14
Jul 26 14:07:28 RUE3 kernel: [   28.936486] input: HDA Intel MID Mic as /devices/pci0000:00/0000:00:1b.0/sound/card0/input13
Jul 26 14:07:28 RUE3 kernel: [   28.948197] nouveau  [   VBIOS][0000:01:00.0] ... appears to be valid
Jul 26 14:07:28 RUE3 kernel: [   28.948203] nouveau  [   VBIOS][0000:01:00.0] using image from PRAMIN
Jul 26 14:07:28 RUE3 kernel: [   28.948343] nouveau  [   VBIOS][0000:01:00.0] BIT signature found
Jul 26 14:07:28 RUE3 kernel: [   28.948347] nouveau  [   VBIOS][0000:01:00.0] version 70.16.5d.00.02
Jul 26 14:07:28 RUE3 kernel: [   28.949444] nouveau 0000:01:00.0: irq 44 for MSI/MSI-X
Jul 26 14:07:28 RUE3 kernel: [   28.949461] nouveau  [     PMC][0000:01:00.0] MSI interrupts enabled
Jul 26 14:07:28 RUE3 kernel: [   28.949507] nouveau  [     PFB][0000:01:00.0] RAM type: DDR3
Jul 26 14:07:28 RUE3 kernel: [   28.949510] nouveau  [     PFB][0000:01:00.0] RAM size: 1024 MiB
Jul 26 14:07:28 RUE3 kernel: [   28.949512] nouveau  [     PFB][0000:01:00.0]    ZCOMP: 1920 tags
Jul 26 14:07:28 RUE3 kernel: [   28.955888] nouveau  [    VOLT][0000:01:00.0] GPU voltage: 850000uv
Jul 26 14:07:28 RUE3 kernel: [   28.986980] nouveau  [  PTHERM][0000:01:00.0] FAN control: none / external
Jul 26 14:07:28 RUE3 kernel: [   28.986992] nouveau  [  PTHERM][0000:01:00.0] fan management: automatic
Jul 26 14:07:28 RUE3 kernel: [   28.986999] nouveau  [  PTHERM][0000:01:00.0] internal sensor: yes
Jul 26 14:07:28 RUE3 kernel: [   28.987026] nouveau  [     CLK][0000:01:00.0] 03: core 135 MHz shader 270 MHz memory 135 MHz
Jul 26 14:07:28 RUE3 kernel: [   28.987029] nouveau  [     CLK][0000:01:00.0] 07: core 405 MHz shader 810 MHz memory 324 MHz
Jul 26 14:07:28 RUE3 kernel: [   28.987032] nouveau  [     CLK][0000:01:00.0] 0f: core 500 MHz shader 1100 MHz memory 790 MHz
Jul 26 14:07:28 RUE3 kernel: [   28.987065] nouveau  [     CLK][0000:01:00.0] --: core 405 MHz shader 810 MHz memory 324 MHz
Jul 26 14:07:28 RUE3 kernel: [   28.987249] [TTM] Zone  kernel: Available graphics memory: 1954744 kiB
Jul 26 14:07:28 RUE3 kernel: [   28.987251] [TTM] Initializing pool allocator
Jul 26 14:07:28 RUE3 kernel: [   28.987260] [TTM] Initializing DMA pool allocator
Jul 26 14:07:28 RUE3 kernel: [   28.987270] nouveau  [     DRM] VRAM: 1024 MiB
Jul 26 14:07:28 RUE3 kernel: [   28.987271] nouveau  [     DRM] GART: 1048576 MiB
Jul 26 14:07:28 RUE3 kernel: [   28.987276] nouveau  [     DRM] TMDS table version 2.0
Jul 26 14:07:28 RUE3 kernel: [   28.987277] nouveau  [     DRM] DCB version 4.0
Jul 26 14:07:28 RUE3 kernel: [   28.987279] nouveau  [     DRM] DCB outp 00: 01000323 00010034
Jul 26 14:07:28 RUE3 kernel: [   28.987281] nouveau  [     DRM] DCB outp 01: 02011362 00020010
Jul 26 14:07:28 RUE3 kernel: [   28.987283] nouveau  [     DRM] DCB outp 02: 02022300 00000000
Jul 26 14:07:28 RUE3 kernel: [   28.987284] nouveau  [     DRM] DCB conn 00: 00000040
Jul 26 14:07:28 RUE3 kernel: [   28.987286] nouveau  [     DRM] DCB conn 01: 00001161
Jul 26 14:07:28 RUE3 kernel: [   28.987288] nouveau  [     DRM] DCB conn 02: 00000200
Jul 26 14:07:28 RUE3 kernel: [   28.988582] cfg80211: Calling CRDA to update world regulatory domain
Jul 26 14:07:28 RUE3 kernel: [   29.006596] Support for cores revisions 0x17 and 0x18 disabled by module param allhwsupport=0. Try b43.allhwsupport=1
Jul 26 14:07:28 RUE3 kernel: [   29.006609] b43: probe of bcma0:0 failed with error -524
Jul 26 14:07:28 RUE3 kernel: [   29.006646] Broadcom 43xx driver loaded [ Features: PNL ]
Jul 26 14:07:28 RUE3 kernel: [   29.017218] brcmsmac bcma0:0: mfg 4bf core 812 rev 23 class 0 irq 17
Jul 26 14:07:28 RUE3 kernel: [   29.023204] [drm] Supports vblank timestamp caching Rev 2 (21.10.2013).
Jul 26 14:07:28 RUE3 kernel: [   29.023208] [drm] No driver support for vblank timestamp query.
Jul 26 14:07:28 RUE3 kernel: [   29.023741] ieee80211 phy0: Selected rate control algorithm 'minstrel_ht'
Jul 26 14:07:28 RUE3 kernel: [   29.024065] ieee80211 phy0: registered radio enabled led device: brcmsmac-phy0:radio gpio: 241
Jul 26 14:07:28 RUE3 kernel: [   29.063741] nouveau  [     DRM] MM: using COPY for buffer copies
Jul 26 14:07:28 RUE3 kernel: [   29.087630] type=1400 audit(1469534843.361:2): apparmor="STATUS" operation="profile_load" profile="unconfined" name="/sbin/dhclient" pid=493 comm="apparmor_parser"
Jul 26 14:07:28 RUE3 kernel: [   29.087642] type=1400 audit(1469534843.361:3): apparmor="STATUS" operation="profile_load" profile="unconfined" name="/usr/lib/NetworkManager/nm-dhcp-client.action" pid=493 comm="apparmor_parser"
Jul 26 14:07:28 RUE3 kernel: [   29.087648] type=1400 audit(1469534843.361:4): apparmor="STATUS" operation="profile_load" profile="unconfined" name="/usr/lib/connman/scripts/dhclient-script" pid=493 comm="apparmor_parser"
Jul 26 14:07:28 RUE3 kernel: [   29.087663] type=1400 audit(1469534843.361:5): apparmor="STATUS" operation="profile_replace" profile="unconfined" name="/sbin/dhclient" pid=492 comm="apparmor_parser"
Jul 26 14:07:28 RUE3 kernel: [   29.087671] type=1400 audit(1469534843.361:6): apparmor="STATUS" operation="profile_replace" profile="unconfined" name="/usr/lib/NetworkManager/nm-dhcp-client.action" pid=492 comm="apparmor_parser"
Jul 26 14:07:28 RUE3 kernel: [   29.087677] type=1400 audit(1469534843.361:7): apparmor="STATUS" operation="profile_replace" profile="unconfined" name="/usr/lib/connman/scripts/dhclient-script" pid=492 comm="apparmor_parser"
Jul 26 14:07:28 RUE3 kernel: [   29.087685] type=1400 audit(1469534843.361:8): apparmor="STATUS" operation="profile_replace" profile="unconfined" name="/sbin/dhclient" pid=513 comm="apparmor_parser"
Jul 26 14:07:28 RUE3 kernel: [   29.087692] type=1400 audit(1469534843.361:9): apparmor="STATUS" operation="profile_replace" profile="unconfined" name="/usr/lib/NetworkManager/nm-dhcp-client.action" pid=513 comm="apparmor_parser"
Jul 26 14:07:28 RUE3 kernel: [   29.087698] type=1400 audit(1469534843.361:10): apparmor="STATUS" operation="profile_replace" profile="unconfined" name="/usr/lib/connman/scripts/dhclient-script" pid=513 comm="apparmor_parser"
Jul 26 14:07:28 RUE3 kernel: [   29.088321] type=1400 audit(1469534843.361:11): apparmor="STATUS" operation="profile_replace" profile="unconfined" name="/usr/lib/NetworkManager/nm-dhcp-client.action" pid=493 comm="apparmor_parser"
Jul 26 14:07:28 RUE3 kernel: [   29.151273] nouveau  [     DRM] allocated 1920x1080 fb: 0x70000, bo ffff880099be4400
Jul 26 14:07:28 RUE3 kernel: [   29.151358] fbcon: nouveaufb (fb0) is primary device
Jul 26 14:07:28 RUE3 kernel: [   29.236448] cfg80211: World regulatory domain updated:
Jul 26 14:07:28 RUE3 kernel: [   29.236449] cfg80211:   (start_freq - end_freq @ bandwidth), (max_antenna_gain, max_eirp)
Jul 26 14:07:28 RUE3 kernel: [   29.236454] cfg80211:   (2402000 KHz - 2472000 KHz @ 40000 KHz), (300 mBi, 2000 mBm)
Jul 26 14:07:28 RUE3 kernel: [   29.236455] cfg80211:   (2457000 KHz - 2482000 KHz @ 40000 KHz), (300 mBi, 2000 mBm)
Jul 26 14:07:28 RUE3 kernel: [   29.236456] cfg80211:   (2474000 KHz - 2494000 KHz @ 20000 KHz), (300 mBi, 2000 mBm)
Jul 26 14:07:28 RUE3 kernel: [   29.236457] cfg80211:   (5170000 KHz - 5250000 KHz @ 40000 KHz), (300 mBi, 2000 mBm)
Jul 26 14:07:28 RUE3 kernel: [   29.236458] cfg80211:   (5735000 KHz - 5835000 KHz @ 40000 KHz), (300 mBi, 2000 mBm)
Jul 26 14:07:28 RUE3 kernel: [   29.236475] cfg80211: Calling CRDA for country: US
Jul 26 14:07:28 RUE3 kernel: [   29.240010] cfg80211: Regulatory domain changed to country: US
Jul 26 14:07:28 RUE3 kernel: [   29.240011] cfg80211:   (start_freq - end_freq @ bandwidth), (max_antenna_gain, max_eirp)
Jul 26 14:07:28 RUE3 kernel: [   29.240012] cfg80211:   (2402000 KHz - 2472000 KHz @ 40000 KHz), (300 mBi, 2700 mBm)
Jul 26 14:07:28 RUE3 kernel: [   29.240014] cfg80211:   (5170000 KHz - 5250000 KHz @ 40000 KHz), (300 mBi, 1700 mBm)
Jul 26 14:07:28 RUE3 kernel: [   29.240015] cfg80211:   (5250000 KHz - 5330000 KHz @ 40000 KHz), (300 mBi, 2000 mBm)
Jul 26 14:07:28 RUE3 kernel: [   29.240016] cfg80211:   (5490000 KHz - 5600000 KHz @ 40000 KHz), (300 mBi, 2000 mBm)
Jul 26 14:07:28 RUE3 kernel: [   29.240018] cfg80211:   (5650000 KHz - 5710000 KHz @ 40000 KHz), (300 mBi, 2000 mBm)
Jul 26 14:07:28 RUE3 kernel: [   29.240019] cfg80211:   (5735000 KHz - 5835000 KHz @ 40000 KHz), (300 mBi, 3000 mBm)
Jul 26 14:07:28 RUE3 kernel: [   29.240020] cfg80211:   (57240000 KHz - 63720000 KHz @ 2160000 KHz), (N/A, 4000 mBm)
Jul 26 14:07:28 RUE3 kernel: [   29.494402] Console: switching to colour frame buffer device 170x48
Jul 26 14:07:28 RUE3 kernel: [   29.495022] nouveau 0000:01:00.0: fb0: nouveaufb frame buffer device
Jul 26 14:07:28 RUE3 kernel: [   29.495024] nouveau 0000:01:00.0: registered panic notifier
Jul 26 14:07:28 RUE3 kernel: [   29.495030] [drm] Initialized nouveau 1.1.2 20120801 for 0000:01:00.0 on minor 0
Jul 26 14:07:28 RUE3 kernel: [   29.495174] hda_intel: Disabling MSI
Jul 26 14:07:28 RUE3 kernel: [   29.495184] hda-intel 0000:01:00.1: Handle VGA-switcheroo audio client
Jul 26 14:07:28 RUE3 kernel: [   29.495219] hda-intel 0000:01:00.1: Disabling 64bit DMA
Jul 26 14:07:28 RUE3 kernel: [   29.498637] hda-intel 0000:01:00.1: Enable delay in RIRB handling
Jul 26 14:07:28 RUE3 kernel: [   29.588966] Linux video capture interface: v2.00
Jul 26 14:07:28 RUE3 kernel: [   29.597175] uvcvideo: Found UVC 1.00 device 1.3M WebCam (0402:9665)
Jul 26 14:07:28 RUE3 kernel: [   29.599720] input: 1.3M WebCam as /devices/pci0000:00/0000:00:1a.0/usb1/1-1/1-1.1/1-1.1:1.0/input/input15
Jul 26 14:07:28 RUE3 kernel: [   29.599799] usbcore: registered new interface driver uvcvideo
Jul 26 14:07:28 RUE3 kernel: [   29.599800] USB Video Class driver (1.1.1)
Jul 26 14:07:28 RUE3 kernel: [   30.297573] input: HDA NVidia HDMI/DP,pcm=9 as /devices/pci0000:00/0000:00:01.0/0000:01:00.1/sound/card1/input19
Jul 26 14:07:28 RUE3 kernel: [   30.297692] input: HDA NVidia HDMI/DP,pcm=8 as /devices/pci0000:00/0000:00:01.0/0000:01:00.1/sound/card1/input18
Jul 26 14:07:28 RUE3 kernel: [   30.297785] input: HDA NVidia HDMI/DP,pcm=7 as /devices/pci0000:00/0000:00:01.0/0000:01:00.1/sound/card1/input17
Jul 26 14:07:28 RUE3 kernel: [   30.297872] input: HDA NVidia HDMI/DP,pcm=3 as /devices/pci0000:00/0000:00:01.0/0000:01:00.1/sound/card1/input16
Jul 26 14:07:28 RUE3 kernel: [   34.303101] EXT4-fs (sda1): mounting ext2 file system using the ext4 subsystem
Jul 26 14:07:28 RUE3 kernel: [   34.360940] EXT4-fs (sda1): mounted filesystem without journal. Opts: (null)
Jul 26 14:07:28 RUE3 kernel: [   34.556278] init: failsafe main process (755) killed by TERM signal
Jul 26 14:07:28 RUE3 dbus[828]: [system] AppArmor D-Bus mediation is enabled
Jul 26 14:07:28 RUE3 ntpdate[818]: Can't find host ntp.ubuntu.com: Name or service not known (-2)
Jul 26 14:07:28 RUE3 ntpdate[818]: no servers can be used, exiting
Jul 26 14:07:29 RUE3 bluetoothd[847]: Bluetooth daemon 4.101
Jul 26 14:07:29 RUE3 bluetoothd[847]: Starting SDP server
Jul 26 14:07:29 RUE3 kernel: [   34.799085] Bluetooth: Core ver 2.17
Jul 26 14:07:29 RUE3 kernel: [   34.799111] NET: Registered protocol family 31
Jul 26 14:07:29 RUE3 kernel: [   34.799113] Bluetooth: HCI device and connection manager initialized
Jul 26 14:07:29 RUE3 kernel: [   34.799125] Bluetooth: HCI socket layer initialized
Jul 26 14:07:29 RUE3 kernel: [   34.799128] Bluetooth: L2CAP socket layer initialized
Jul 26 14:07:29 RUE3 kernel: [   34.799132] Bluetooth: SCO socket layer initialized
Jul 26 14:07:29 RUE3 bluetoothd[847]: DIS cannot start: GATT is disabled
Jul 26 14:07:29 RUE3 bluetoothd[847]: Failed to init deviceinfo plugin
Jul 26 14:07:29 RUE3 bluetoothd[847]: Failed to init proximity plugin
Jul 26 14:07:29 RUE3 bluetoothd[847]: Failed to init time plugin
Jul 26 14:07:29 RUE3 bluetoothd[847]: Failed to init alert plugin
Jul 26 14:07:29 RUE3 bluetoothd[847]: Failed to init thermometer plugin
Jul 26 14:07:29 RUE3 kernel: [   34.802480] Bluetooth: BNEP (Ethernet Emulation) ver 1.3
Jul 26 14:07:29 RUE3 kernel: [   34.802486] Bluetooth: BNEP filters: protocol multicast
Jul 26 14:07:29 RUE3 kernel: [   34.802498] Bluetooth: BNEP socket layer initialized
Jul 26 14:07:29 RUE3 bluetoothd[847]: Failed to init gatt_example plugin
Jul 26 14:07:29 RUE3 bluetoothd[847]: Bluetooth Management interface initialized
Jul 26 14:07:29 RUE3 kernel: [   34.804394] Bluetooth: RFCOMM TTY layer initialized
Jul 26 14:07:29 RUE3 kernel: [   34.804405] Bluetooth: RFCOMM socket layer initialized
Jul 26 14:07:29 RUE3 kernel: [   34.804413] Bluetooth: RFCOMM ver 1.11
Jul 26 14:07:29 RUE3 rsyslogd-2039: Could no open output pipe '/dev/xconsole': No such file or directory [try http://www.rsyslog.com/e/2039 ]
Jul 26 14:07:29 RUE3 kernel: [   34.868738] audit_printk_skb: 24 callbacks suppressed
Jul 26 14:07:29 RUE3 kernel: [   34.868742] type=1400 audit(1469534849.141:20): apparmor="STATUS" operation="profile_load" profile="unconfined" name="/usr/lib/cups/backend/cups-pdf" pid=869 comm="apparmor_parser"
Jul 26 14:07:29 RUE3 kernel: [   34.868749] type=1400 audit(1469534849.141:21): apparmor="STATUS" operation="profile_load" profile="unconfined" name="/usr/sbin/cupsd" pid=869 comm="apparmor_parser"
Jul 26 14:07:29 RUE3 kernel: [   34.869167] type=1400 audit(1469534849.141:22): apparmor="STATUS" operation="profile_replace" profile="unconfined" name="/usr/sbin/cupsd" pid=869 comm="apparmor_parser"
Jul 26 14:07:29 RUE3 avahi-daemon[874]: Found user 'avahi' (UID 111) and group 'avahi' (GID 117).
Jul 26 14:07:29 RUE3 avahi-daemon[874]: Successfully dropped root privileges.
Jul 26 14:07:29 RUE3 avahi-daemon[874]: avahi-daemon 0.6.31 starting up.
Jul 26 14:07:29 RUE3 avahi-daemon[874]: Successfully called chroot().
Jul 26 14:07:29 RUE3 avahi-daemon[874]: Successfully dropped remaining capabilities.
Jul 26 14:07:29 RUE3 kernel: [   35.046515] init: cups main process (870) killed by HUP signal
Jul 26 14:07:29 RUE3 kernel: [   35.046527] init: cups main process ended, respawning
Jul 26 14:07:29 RUE3 avahi-daemon[874]: No service file found in /etc/avahi/services.
Jul 26 14:07:29 RUE3 avahi-daemon[874]: Network interface enumeration completed.
Jul 26 14:07:29 RUE3 avahi-daemon[874]: Registering HINFO record with values 'X86_64'/'LINUX'.
Jul 26 14:07:29 RUE3 avahi-daemon[874]: Server startup complete. Host name is RUE3.local. Local service cookie is 4149198284.
Jul 26 14:07:29 RUE3 kernel: [   35.171537] type=1400 audit(1469534849.445:23): apparmor="STATUS" operation="profile_load" profile="unconfined" name="/usr/lib/lightdm/lightdm-guest-session" pid=937 comm="apparmor_parser"
Jul 26 14:07:29 RUE3 kernel: [   35.171550] type=1400 audit(1469534849.445:24): apparmor="STATUS" operation="profile_load" profile="unconfined" name="chromium" pid=937 comm="apparmor_parser"
Jul 26 14:07:29 RUE3 kernel: [   35.171941] type=1400 audit(1469534849.445:25): apparmor="STATUS" operation="profile_replace" profile="unconfined" name="chromium" pid=937 comm="apparmor_parser"
Jul 26 14:07:29 RUE3 kernel: [   35.175961] type=1400 audit(1469534849.449:26): apparmor="STATUS" operation="profile_replace" profile="unconfined" name="/sbin/dhclient" pid=938 comm="apparmor_parser"
Jul 26 14:07:29 RUE3 kernel: [   35.175973] type=1400 audit(1469534849.449:27): apparmor="STATUS" operation="profile_replace" profile="unconfined" name="/usr/lib/NetworkManager/nm-dhcp-client.action" pid=938 comm="apparmor_parser"
Jul 26 14:07:29 RUE3 kernel: [   35.175979] type=1400 audit(1469534849.449:28): apparmor="STATUS" operation="profile_replace" profile="unconfined" name="/usr/lib/connman/scripts/dhclient-script" pid=938 comm="apparmor_parser"
Jul 26 14:07:29 RUE3 kernel: [   35.176576] type=1400 audit(1469534849.449:29): apparmor="STATUS" operation="profile_replace" profile="unconfined" name="/usr/lib/NetworkManager/nm-dhcp-client.action" pid=938 comm="apparmor_parser"
Jul 26 14:07:29 RUE3 ModemManager[845]: <info>  ModemManager (version 1.0.0) starting...
Jul 26 14:07:30 RUE3 NetworkManager[978]: <info> NetworkManager (version 0.9.8.8) is starting...
Jul 26 14:07:30 RUE3 NetworkManager[978]: <info> Read config file /etc/NetworkManager/NetworkManager.conf
Jul 26 14:07:30 RUE3 NetworkManager[978]: <info> WEXT support is enabled
Jul 26 14:07:30 RUE3 NetworkManager[978]: <info> VPN: loaded org.freedesktop.NetworkManager.pptp
Jul 26 14:07:30 RUE3 NetworkManager[978]: <info> DNS: loaded plugin dnsmasq
Jul 26 14:07:30 RUE3 dbus[828]: [system] Activating service name='org.freedesktop.PolicyKit1' (using servicehelper)
Jul 26 14:07:30 RUE3 polkitd[989]: started daemon version 0.105 using authority implementation `local' version `0.105'
Jul 26 14:07:30 RUE3 dbus[828]: [system] Successfully activated service 'org.freedesktop.PolicyKit1'
Jul 26 14:07:30 RUE3 NetworkManager[978]:    SCPlugin-Ifupdown: init!
Jul 26 14:07:30 RUE3 NetworkManager[978]:    SCPlugin-Ifupdown: update_system_hostname
Jul 26 14:07:30 RUE3 NetworkManager[978]:       interface-parser: parsing file /etc/network/interfaces
Jul 26 14:07:30 RUE3 NetworkManager[978]:       interface-parser: finished parsing file /etc/network/interfaces
Jul 26 14:07:30 RUE3 NetworkManager[978]:    SCPluginIfupdown: management mode: unmanaged
Jul 26 14:07:30 RUE3 NetworkManager[978]:    SCPlugin-Ifupdown: devices added (path: /sys/devices/pci0000:00/0000:00:1c.0/0000:02:00.0/net/eth0, iface: eth0)
Jul 26 14:07:30 RUE3 NetworkManager[978]:    SCPlugin-Ifupdown: device added (path: /sys/devices/pci0000:00/0000:00:1c.0/0000:02:00.0/net/eth0, iface: eth0): no ifupdown configuration found.
Jul 26 14:07:30 RUE3 NetworkManager[978]:    SCPlugin-Ifupdown: devices added (path: /sys/devices/pci0000:00/0000:00:1c.1/0000:03:00.0/bcma0:0/net/wlan0, iface: wlan0)
Jul 26 14:07:30 RUE3 NetworkManager[978]:    SCPlugin-Ifupdown: device added (path: /sys/devices/pci0000:00/0000:00:1c.1/0000:03:00.0/bcma0:0/net/wlan0, iface: wlan0): no ifupdown configuration found.
Jul 26 14:07:30 RUE3 NetworkManager[978]:    SCPlugin-Ifupdown: devices added (path: /sys/devices/virtual/net/lo, iface: lo)
Jul 26 14:07:30 RUE3 NetworkManager[978]:    SCPlugin-Ifupdown: device added (path: /sys/devices/virtual/net/lo, iface: lo): no ifupdown configuration found.
Jul 26 14:07:30 RUE3 NetworkManager[978]:    SCPlugin-Ifupdown: end _init.
Jul 26 14:07:30 RUE3 NetworkManager[978]: <info> Loaded plugin ifupdown: (C) 2008 Canonical Ltd.  To report bugs please use the NetworkManager mailing list.
Jul 26 14:07:30 RUE3 NetworkManager[978]: <info> Loaded plugin keyfile: (c) 2007 - 2010 Red Hat, Inc.  To report bugs please use the NetworkManager mailing list.
Jul 26 14:07:30 RUE3 NetworkManager[978]:    SCPlugin-Ofono: Acquired D-Bus service com.canonical.NMOfono
Jul 26 14:07:30 RUE3 NetworkManager[978]:    SCPlugin-Ofono: init!
Jul 26 14:07:30 RUE3 NetworkManager[978]:    SCPlugin-Ofono: end _init.
Jul 26 14:07:30 RUE3 NetworkManager[978]: <info> Loaded plugin (null): (null)
Jul 26 14:07:30 RUE3 NetworkManager[978]:    Ifupdown: get unmanaged devices count: 0
Jul 26 14:07:30 RUE3 NetworkManager[978]:    SCPlugin-Ifupdown: (21065488) ... get_connections.
Jul 26 14:07:30 RUE3 NetworkManager[978]:    SCPlugin-Ifupdown: (21065488) ... get_connections (managed=false): return empty list.
Jul 26 14:07:30 RUE3 NetworkManager[978]:    keyfile: parsing INCUBADORA ... 
Jul 26 14:07:30 RUE3 anacron[1063]: Anacron 2.3 started on 2016-07-26
Jul 26 14:07:30 RUE3 NetworkManager[978]:    keyfile:     read connection 'INCUBADORA'
Jul 26 14:07:30 RUE3 NetworkManager[978]:    keyfile: parsing INCUBADORA 1 ... 
Jul 26 14:07:30 RUE3 NetworkManager[978]:    keyfile:     read connection 'INCUBADORA 1'
Jul 26 14:07:30 RUE3 NetworkManager[978]:    keyfile: parsing ZZircon3000 ... 
Jul 26 14:07:30 RUE3 NetworkManager[978]:    keyfile:     read connection 'ZZircon3000'
Jul 26 14:07:30 RUE3 NetworkManager[978]:    keyfile: parsing eduroam ... 
Jul 26 14:07:30 RUE3 cron[1013]: (CRON) INFO (pidfile fd = 3)
Jul 26 14:07:30 RUE3 cron[1096]: (CRON) STARTUP (fork ok)
Jul 26 14:07:30 RUE3 cron[1096]: (CRON) INFO (Running @reboot jobs)
Jul 26 14:07:30 RUE3 NetworkManager[978]:    keyfile:     read connection 'eduroam'
Jul 26 14:07:30 RUE3 NetworkManager[978]:    keyfile: parsing WLAN_EF00 ... 
Jul 26 14:07:30 RUE3 NetworkManager[978]:    keyfile:     read connection 'WLAN_EF00'
